0 verbose cli /usr/local/nvm/versions/node/v24.13.1/bin/node /usr/local/nvm/versions/node/v24.13.1/bin/npm
1 info using npm@11.9.0
2 info using node@v24.13.1
3 silly config load:file:/usr/local/nvm/versions/node/v24.13.1/lib/node_modules/npm/npmrc
4 silly config load:file:/home/lit_kinjackson/.npmrc
5 silly config load:file:/usr/local/nvm/versions/node/v24.13.1/etc/npmrc
6 verbose title npm install gh-pages
7 verbose argv "install" "gh-pages" "--save-dev"
8 verbose logfile logs-max:10 dir:/home/lit_kinjackson/.npm/_logs/2026-02-21T09_32_09_554Z-
9 verbose logfile /home/lit_kinjackson/.npm/_logs/2026-02-21T09_32_09_554Z-debug-0.log
10 silly logfile start cleaning logs, removing 1 files
11 silly logfile done cleaning log files
12 silly packumentCache heap:2348810240 maxSize:587202560 maxEntrySize:293601280
13 verbose shrinkwrap failed to load node_modules/.package-lock.json out of date, updated: node_modules
14 silly idealTree buildDeps
15 silly fetch manifest gh-pages@*
16 silly packumentCache full:https://registry.npmjs.org/gh-pages cache-miss
17 http fetch GET 200 https://registry.npmjs.org/gh-pages 681ms (cache miss)
18 silly packumentCache full:https://registry.npmjs.org/gh-pages set size:undefined disposed:false
19 silly placeDep ROOT gh-pages@6.3.0 OK for: lit_kinjackson@1.0.0 want: *
20 silly fetch manifest async@^3.2.4
21 silly packumentCache full:https://registry.npmjs.org/async cache-miss
22 http fetch GET 200 https://registry.npmjs.org/async 42ms (cache miss)
23 silly packumentCache full:https://registry.npmjs.org/async set size:undefined disposed:false
24 silly fetch manifest globby@^11.1.0
25 silly packumentCache full:https://registry.npmjs.org/globby cache-miss
26 http fetch GET 200 https://registry.npmjs.org/globby 40ms (cache miss)
27 silly packumentCache full:https://registry.npmjs.org/globby set size:undefined disposed:false
28 silly fetch manifest fs-extra@^11.1.1
29 silly packumentCache full:https://registry.npmjs.org/fs-extra cache-miss
30 http fetch GET 200 https://registry.npmjs.org/fs-extra 36ms (cache miss)
31 silly packumentCache full:https://registry.npmjs.org/fs-extra set size:undefined disposed:false
32 silly fetch manifest commander@^13.0.0
33 silly packumentCache full:https://registry.npmjs.org/commander cache-miss
34 http fetch GET 200 https://registry.npmjs.org/commander 37ms (cache miss)
35 silly packumentCache full:https://registry.npmjs.org/commander set size:undefined disposed:false
36 silly fetch manifest filenamify@^4.3.0
37 silly packumentCache full:https://registry.npmjs.org/filenamify cache-miss
38 http fetch GET 200 https://registry.npmjs.org/filenamify 40ms (cache miss)
39 silly packumentCache full:https://registry.npmjs.org/filenamify set size:undefined disposed:false
40 silly fetch manifest find-cache-dir@^3.3.1
41 silly packumentCache full:https://registry.npmjs.org/find-cache-dir cache-miss
42 http fetch GET 200 https://registry.npmjs.org/find-cache-dir 31ms (cache miss)
43 silly packumentCache full:https://registry.npmjs.org/find-cache-dir set size:undefined disposed:false
44 silly fetch manifest email-addresses@^5.0.0
45 silly packumentCache full:https://registry.npmjs.org/email-addresses cache-miss
46 http fetch GET 200 https://registry.npmjs.org/email-addresses 239ms (cache miss)
47 silly packumentCache full:https://registry.npmjs.org/email-addresses set size:undefined disposed:false
48 silly placeDep ROOT async@3.2.6 OK for: gh-pages@6.3.0 want: ^3.2.4
49 silly placeDep ROOT commander@13.1.0 OK for: gh-pages@6.3.0 want: ^13.0.0
50 silly placeDep ROOT email-addresses@5.0.0 OK for: gh-pages@6.3.0 want: ^5.0.0
51 silly placeDep ROOT filenamify@4.3.0 OK for: gh-pages@6.3.0 want: ^4.3.0
52 silly placeDep ROOT find-cache-dir@3.3.2 OK for: gh-pages@6.3.0 want: ^3.3.1
53 silly placeDep ROOT fs-extra@11.3.3 OK for: gh-pages@6.3.0 want: ^11.1.1
54 silly placeDep ROOT globby@11.1.0 OK for: gh-pages@6.3.0 want: ^11.1.0
55 silly fetch manifest strip-outer@^1.0.1
56 silly packumentCache full:https://registry.npmjs.org/strip-outer cache-miss
57 http fetch GET 200 https://registry.npmjs.org/strip-outer 511ms (cache miss)
58 silly packumentCache full:https://registry.npmjs.org/strip-outer set size:undefined disposed:false
59 silly fetch manifest trim-repeated@^1.0.0
60 silly packumentCache full:https://registry.npmjs.org/trim-repeated cache-miss
61 http fetch GET 200 https://registry.npmjs.org/trim-repeated 204ms (cache miss)
62 silly packumentCache full:https://registry.npmjs.org/trim-repeated set size:undefined disposed:false
63 silly fetch manifest filename-reserved-regex@^2.0.0
64 silly packumentCache full:https://registry.npmjs.org/filename-reserved-regex cache-miss
65 http fetch GET 200 https://registry.npmjs.org/filename-reserved-regex 32ms (cache miss)
66 silly packumentCache full:https://registry.npmjs.org/filename-reserved-regex set size:undefined disposed:false
67 silly fetch manifest pkg-dir@^4.1.0
68 silly packumentCache full:https://registry.npmjs.org/pkg-dir cache-miss
69 http fetch GET 200 https://registry.npmjs.org/pkg-dir 28ms (cache miss)
70 silly packumentCache full:https://registry.npmjs.org/pkg-dir set size:undefined disposed:false
71 silly fetch manifest make-dir@^3.0.2
72 silly packumentCache full:https://registry.npmjs.org/make-dir cache-miss
73 http fetch GET 200 https://registry.npmjs.org/make-dir 197ms (cache miss)
74 silly packumentCache full:https://registry.npmjs.org/make-dir set size:undefined disposed:false
75 silly fetch manifest commondir@^1.0.1
76 silly packumentCache full:https://registry.npmjs.org/commondir cache-miss
77 http fetch GET 200 https://registry.npmjs.org/commondir 193ms (cache miss)
78 silly packumentCache full:https://registry.npmjs.org/commondir set size:undefined disposed:false
79 silly fetch manifest graceful-fs@^4.2.0
80 silly packumentCache full:https://registry.npmjs.org/graceful-fs cache-miss
81 http fetch GET 200 https://registry.npmjs.org/graceful-fs 33ms (cache miss)
82 silly packumentCache full:https://registry.npmjs.org/graceful-fs set size:undefined disposed:false
83 silly fetch manifest jsonfile@^6.0.1
84 silly packumentCache full:https://registry.npmjs.org/jsonfile cache-miss
85 http fetch GET 200 https://registry.npmjs.org/jsonfile 38ms (cache miss)
86 silly packumentCache full:https://registry.npmjs.org/jsonfile set size:undefined disposed:false
87 silly fetch manifest universalify@^2.0.0
88 silly packumentCache full:https://registry.npmjs.org/universalify cache-miss
89 http fetch GET 200 https://registry.npmjs.org/universalify 33ms (cache miss)
90 silly packumentCache full:https://registry.npmjs.org/universalify set size:undefined disposed:false
91 silly fetch manifest slash@^3.0.0
92 silly packumentCache full:https://registry.npmjs.org/slash cache-miss
93 http fetch GET 200 https://registry.npmjs.org/slash 33ms (cache miss)
94 silly packumentCache full:https://registry.npmjs.org/slash set size:undefined disposed:false
95 silly fetch manifest ignore@^5.2.0
96 silly packumentCache full:https://registry.npmjs.org/ignore cache-miss
97 http fetch GET 200 https://registry.npmjs.org/ignore 37ms (cache miss)
98 silly packumentCache full:https://registry.npmjs.org/ignore set size:undefined disposed:false
99 silly fetch manifest merge2@^1.4.1
100 silly packumentCache full:https://registry.npmjs.org/merge2 cache-miss
101 http fetch GET 200 https://registry.npmjs.org/merge2 27ms (cache miss)
102 silly packumentCache full:https://registry.npmjs.org/merge2 set size:undefined disposed:false
103 silly fetch manifest dir-glob@^3.0.1
104 silly packumentCache full:https://registry.npmjs.org/dir-glob cache-miss
105 http fetch GET 200 https://registry.npmjs.org/dir-glob 33ms (cache miss)
106 silly packumentCache full:https://registry.npmjs.org/dir-glob set size:undefined disposed:false
107 silly fetch manifest fast-glob@^3.2.9
108 silly packumentCache full:https://registry.npmjs.org/fast-glob cache-miss
109 http fetch GET 200 https://registry.npmjs.org/fast-glob 39ms (cache miss)
110 silly packumentCache full:https://registry.npmjs.org/fast-glob set size:undefined disposed:false
111 silly fetch manifest array-union@^2.1.0
112 silly packumentCache full:https://registry.npmjs.org/array-union cache-miss
113 http fetch GET 200 https://registry.npmjs.org/array-union 515ms (cache miss)
114 silly packumentCache full:https://registry.npmjs.org/array-union set size:undefined disposed:false
115 silly placeDep ROOT filename-reserved-regex@2.0.0 OK for: filenamify@4.3.0 want: ^2.0.0
116 silly placeDep ROOT strip-outer@1.0.1 OK for: filenamify@4.3.0 want: ^1.0.1
117 silly placeDep ROOT trim-repeated@1.0.0 OK for: filenamify@4.3.0 want: ^1.0.0
118 silly fetch manifest escape-string-regexp@^1.0.2
119 silly packumentCache full:https://registry.npmjs.org/escape-string-regexp cache-miss
120 http fetch GET 200 https://registry.npmjs.org/escape-string-regexp 29ms (cache miss)
121 silly packumentCache full:https://registry.npmjs.org/escape-string-regexp set size:undefined disposed:false
122 silly placeDep ROOT commondir@1.0.1 OK for: find-cache-dir@3.3.2 want: ^1.0.1
123 silly placeDep ROOT make-dir@3.1.0 OK for: find-cache-dir@3.3.2 want: ^3.0.2
124 silly placeDep ROOT pkg-dir@4.2.0 OK for: find-cache-dir@3.3.2 want: ^4.1.0
125 silly fetch manifest find-up@^4.0.0
126 silly packumentCache full:https://registry.npmjs.org/find-up cache-miss
127 http fetch GET 200 https://registry.npmjs.org/find-up 28ms (cache miss)
128 silly packumentCache full:https://registry.npmjs.org/find-up set size:undefined disposed:false
129 silly placeDep ROOT graceful-fs@4.2.11 OK for: fs-extra@11.3.3 want: ^4.2.0
130 silly placeDep ROOT jsonfile@6.2.0 OK for: fs-extra@11.3.3 want: ^6.0.1
131 silly placeDep ROOT universalify@2.0.1 OK for: fs-extra@11.3.3 want: ^2.0.0
132 silly placeDep ROOT array-union@2.1.0 OK for: globby@11.1.0 want: ^2.1.0
133 silly placeDep ROOT dir-glob@3.0.1 OK for: globby@11.1.0 want: ^3.0.1
134 silly placeDep ROOT fast-glob@3.3.3 OK for: globby@11.1.0 want: ^3.2.9
135 silly placeDep ROOT ignore@5.3.2 OK for: globby@11.1.0 want: ^5.2.0
136 silly placeDep ROOT merge2@1.4.1 OK for: globby@11.1.0 want: ^1.4.1
137 silly placeDep ROOT slash@3.0.0 OK for: globby@11.1.0 want: ^3.0.0
138 silly fetch manifest path-type@^4.0.0
139 silly packumentCache full:https://registry.npmjs.org/path-type cache-miss
140 http fetch GET 200 https://registry.npmjs.org/path-type 32ms (cache miss)
141 silly packumentCache full:https://registry.npmjs.org/path-type set size:undefined disposed:false
142 silly fetch manifest @nodelib/fs.stat@^2.0.2
143 silly packumentCache full:https://registry.npmjs.org/@nodelib%2ffs.stat cache-miss
144 http fetch GET 200 https://registry.npmjs.org/@nodelib%2ffs.stat 33ms (cache miss)
145 silly packumentCache full:https://registry.npmjs.org/@nodelib%2ffs.stat set size:undefined disposed:false
146 silly fetch manifest @nodelib/fs.walk@^1.2.3
147 silly packumentCache full:https://registry.npmjs.org/@nodelib%2ffs.walk cache-miss
148 http fetch GET 200 https://registry.npmjs.org/@nodelib%2ffs.walk 52ms (cache miss)
149 silly packumentCache full:https://registry.npmjs.org/@nodelib%2ffs.walk set size:undefined disposed:false
150 silly fetch manifest glob-parent@^5.1.2
151 silly packumentCache full:https://registry.npmjs.org/glob-parent cache-miss
152 http fetch GET 200 https://registry.npmjs.org/glob-parent 34ms (cache miss)
153 silly packumentCache full:https://registry.npmjs.org/glob-parent set size:undefined disposed:false
154 silly fetch manifest merge2@^1.3.0
155 silly packumentCache full:https://registry.npmjs.org/merge2 cache-miss
156 http cache https://registry.npmjs.org/merge2 11ms (cache hit)
157 silly packumentCache full:https://registry.npmjs.org/merge2 set size:46159 disposed:false
158 silly fetch manifest micromatch@^4.0.8
159 silly packumentCache full:https://registry.npmjs.org/micromatch cache-miss
160 http fetch GET 200 https://registry.npmjs.org/micromatch 39ms (cache miss)
161 silly packumentCache full:https://registry.npmjs.org/micromatch set size:undefined disposed:false
162 silly placeDep ROOT path-type@4.0.0 OK for: dir-glob@3.0.1 want: ^4.0.0
163 silly placeDep ROOT @nodelib/fs.stat@2.0.5 OK for: fast-glob@3.3.3 want: ^2.0.2
164 silly placeDep ROOT @nodelib/fs.walk@1.2.8 OK for: fast-glob@3.3.3 want: ^1.2.3
165 silly placeDep ROOT glob-parent@5.1.2 OK for: fast-glob@3.3.3 want: ^5.1.2
166 silly placeDep ROOT micromatch@4.0.8 OK for: fast-glob@3.3.3 want: ^4.0.8
167 silly fetch manifest fastq@^1.6.0
168 silly packumentCache full:https://registry.npmjs.org/fastq cache-miss
169 http fetch GET 200 https://registry.npmjs.org/fastq 35ms (cache miss)
170 silly packumentCache full:https://registry.npmjs.org/fastq set size:undefined disposed:false
171 silly fetch manifest @nodelib/fs.scandir@2.1.5
172 silly packumentCache full:https://registry.npmjs.org/@nodelib%2ffs.scandir cache-miss
173 http fetch GET 200 https://registry.npmjs.org/@nodelib%2ffs.scandir 38ms (cache miss)
174 silly packumentCache full:https://registry.npmjs.org/@nodelib%2ffs.scandir set size:undefined disposed:false
175 silly fetch manifest is-glob@^4.0.1
176 silly packumentCache full:https://registry.npmjs.org/is-glob cache-miss
177 http fetch GET 200 https://registry.npmjs.org/is-glob 28ms (cache miss)
178 silly packumentCache full:https://registry.npmjs.org/is-glob set size:undefined disposed:false
179 silly fetch manifest braces@^3.0.3
180 silly packumentCache full:https://registry.npmjs.org/braces cache-miss
181 http fetch GET 200 https://registry.npmjs.org/braces 36ms (cache miss)
182 silly packumentCache full:https://registry.npmjs.org/braces set size:undefined disposed:false
183 silly fetch manifest picomatch@^2.3.1
184 silly packumentCache full:https://registry.npmjs.org/picomatch cache-miss
185 http fetch GET 200 https://registry.npmjs.org/picomatch 30ms (cache revalidated)
186 silly packumentCache full:https://registry.npmjs.org/picomatch set size:118818 disposed:false
187 silly placeDep ROOT @nodelib/fs.scandir@2.1.5 OK for: @nodelib/fs.walk@1.2.8 want: 2.1.5
188 silly placeDep ROOT fastq@1.20.1 OK for: @nodelib/fs.walk@1.2.8 want: ^1.6.0
189 silly fetch manifest run-parallel@^1.1.9
190 silly packumentCache full:https://registry.npmjs.org/run-parallel cache-miss
191 http fetch GET 200 https://registry.npmjs.org/run-parallel 39ms (cache miss)
192 silly packumentCache full:https://registry.npmjs.org/run-parallel set size:undefined disposed:false
193 silly fetch manifest reusify@^1.0.4
194 silly packumentCache full:https://registry.npmjs.org/reusify cache-miss
195 http fetch GET 200 https://registry.npmjs.org/reusify 35ms (cache miss)
196 silly packumentCache full:https://registry.npmjs.org/reusify set size:undefined disposed:false
197 silly placeDep ROOT run-parallel@1.2.0 OK for: @nodelib/fs.scandir@2.1.5 want: ^1.1.9
198 silly fetch manifest queue-microtask@^1.2.2
199 silly packumentCache full:https://registry.npmjs.org/queue-microtask cache-miss
200 http fetch GET 200 https://registry.npmjs.org/queue-microtask 28ms (cache miss)
201 silly packumentCache full:https://registry.npmjs.org/queue-microtask set size:undefined disposed:false
202 silly placeDep ROOT reusify@1.1.0 OK for: fastq@1.20.1 want: ^1.0.4
203 silly placeDep ROOT is-glob@4.0.3 OK for: glob-parent@5.1.2 want: ^4.0.1
204 silly fetch manifest is-extglob@^2.1.1
205 silly packumentCache full:https://registry.npmjs.org/is-extglob cache-miss
206 http fetch GET 200 https://registry.npmjs.org/is-extglob 35ms (cache miss)
207 silly packumentCache full:https://registry.npmjs.org/is-extglob set size:undefined disposed:false
208 silly placeDep ROOT is-extglob@2.1.1 OK for: is-glob@4.0.3 want: ^2.1.1
209 silly placeDep ROOT braces@3.0.3 OK for: micromatch@4.0.8 want: ^3.0.3
210 silly placeDep node_modules/micromatch picomatch@2.3.1 OK for: micromatch@4.0.8 want: ^2.3.1
211 silly fetch manifest fill-range@^7.1.1
212 silly packumentCache full:https://registry.npmjs.org/fill-range cache-miss
213 http fetch GET 200 https://registry.npmjs.org/fill-range 35ms (cache miss)
214 silly packumentCache full:https://registry.npmjs.org/fill-range set size:undefined disposed:false
215 silly placeDep ROOT fill-range@7.1.1 OK for: braces@3.0.3 want: ^7.1.1
216 silly fetch manifest to-regex-range@^5.0.1
217 silly packumentCache full:https://registry.npmjs.org/to-regex-range cache-miss
218 http fetch GET 200 https://registry.npmjs.org/to-regex-range 45ms (cache miss)
219 silly packumentCache full:https://registry.npmjs.org/to-regex-range set size:undefined disposed:false
220 silly placeDep ROOT to-regex-range@5.0.1 OK for: fill-range@7.1.1 want: ^5.0.1
221 silly fetch manifest is-number@^7.0.0
222 silly packumentCache full:https://registry.npmjs.org/is-number cache-miss
223 http fetch GET 200 https://registry.npmjs.org/is-number 25ms (cache miss)
224 silly packumentCache full:https://registry.npmjs.org/is-number set size:undefined disposed:false
225 silly placeDep ROOT find-up@4.1.0 OK for: pkg-dir@4.2.0 want: ^4.0.0
226 silly fetch manifest locate-path@^5.0.0
227 silly packumentCache full:https://registry.npmjs.org/locate-path cache-miss
228 http fetch GET 200 https://registry.npmjs.org/locate-path 27ms (cache miss)
229 silly packumentCache full:https://registry.npmjs.org/locate-path set size:undefined disposed:false
230 silly fetch manifest path-exists@^4.0.0
231 silly packumentCache full:https://registry.npmjs.org/path-exists cache-miss
232 http fetch GET 200 https://registry.npmjs.org/path-exists 23ms (cache miss)
233 silly packumentCache full:https://registry.npmjs.org/path-exists set size:undefined disposed:false
234 silly placeDep ROOT locate-path@5.0.0 OK for: find-up@4.1.0 want: ^5.0.0
235 silly placeDep ROOT path-exists@4.0.0 OK for: find-up@4.1.0 want: ^4.0.0
236 silly fetch manifest p-locate@^4.1.0
237 silly packumentCache full:https://registry.npmjs.org/p-locate cache-miss
238 http fetch GET 200 https://registry.npmjs.org/p-locate 29ms (cache miss)
239 silly packumentCache full:https://registry.npmjs.org/p-locate set size:undefined disposed:false
240 silly placeDep ROOT p-locate@4.1.0 OK for: locate-path@5.0.0 want: ^4.1.0
241 silly fetch manifest p-limit@^2.2.0
242 silly packumentCache full:https://registry.npmjs.org/p-limit cache-miss
243 http fetch GET 200 https://registry.npmjs.org/p-limit 30ms (cache miss)
244 silly packumentCache full:https://registry.npmjs.org/p-limit set size:undefined disposed:false
245 silly placeDep ROOT p-limit@2.3.0 OK for: p-locate@4.1.0 want: ^2.2.0
246 silly fetch manifest p-try@^2.0.0
247 silly packumentCache full:https://registry.npmjs.org/p-try cache-miss
248 http fetch GET 200 https://registry.npmjs.org/p-try 26ms (cache miss)
249 silly packumentCache full:https://registry.npmjs.org/p-try set size:undefined disposed:false
250 silly placeDep ROOT p-try@2.2.0 OK for: p-limit@2.3.0 want: ^2.0.0
251 silly placeDep ROOT queue-microtask@1.2.3 OK for: run-parallel@1.2.0 want: ^1.2.2
252 silly placeDep ROOT escape-string-regexp@1.0.5 OK for: strip-outer@1.0.1 want: ^1.0.2
253 silly placeDep ROOT is-number@7.0.0 OK for: to-regex-range@5.0.1 want: ^7.0.0
254 silly reify moves {}
255 silly audit bulk request {
255 silly audit   '@babel/code-frame': [ '7.29.0' ],
255 silly audit   '@babel/compat-data': [ '7.29.0' ],
255 silly audit   '@babel/core': [ '7.29.0' ],
255 silly audit   '@babel/generator': [ '7.29.1' ],
255 silly audit   '@babel/helper-compilation-targets': [ '7.28.6' ],
255 silly audit   '@babel/helper-globals': [ '7.28.0' ],
255 silly audit   '@babel/helper-module-imports': [ '7.28.6' ],
255 silly audit   '@babel/helper-module-transforms': [ '7.28.6' ],
255 silly audit   '@babel/helper-plugin-utils': [ '7.28.6' ],
255 silly audit   '@babel/helper-string-parser': [ '7.27.1' ],
255 silly audit   '@babel/helper-validator-identifier': [ '7.28.5' ],
255 silly audit   '@babel/helper-validator-option': [ '7.27.1' ],
255 silly audit   '@babel/helpers': [ '7.28.6' ],
255 silly audit   '@babel/parser': [ '7.29.0' ],
255 silly audit   '@babel/plugin-transform-react-jsx-self': [ '7.27.1' ],
255 silly audit   '@babel/plugin-transform-react-jsx-source': [ '7.27.1' ],
255 silly audit   '@babel/template': [ '7.28.6' ],
255 silly audit   '@babel/traverse': [ '7.29.0' ],
255 silly audit   '@babel/types': [ '7.29.0' ],
255 silly audit   '@esbuild/aix-ppc64': [ '0.27.3' ],
255 silly audit   '@esbuild/android-arm': [ '0.27.3' ],
255 silly audit   '@esbuild/android-arm64': [ '0.27.3' ],
255 silly audit   '@esbuild/android-x64': [ '0.27.3' ],
255 silly audit   '@esbuild/darwin-arm64': [ '0.27.3' ],
255 silly audit   '@esbuild/darwin-x64': [ '0.27.3' ],
255 silly audit   '@esbuild/freebsd-arm64': [ '0.27.3' ],
255 silly audit   '@esbuild/freebsd-x64': [ '0.27.3' ],
255 silly audit   '@esbuild/linux-arm': [ '0.27.3' ],
255 silly audit   '@esbuild/linux-arm64': [ '0.27.3' ],
255 silly audit   '@esbuild/linux-ia32': [ '0.27.3' ],
255 silly audit   '@esbuild/linux-loong64': [ '0.27.3' ],
255 silly audit   '@esbuild/linux-mips64el': [ '0.27.3' ],
255 silly audit   '@esbuild/linux-ppc64': [ '0.27.3' ],
255 silly audit   '@esbuild/linux-riscv64': [ '0.27.3' ],
255 silly audit   '@esbuild/linux-s390x': [ '0.27.3' ],
255 silly audit   '@esbuild/linux-x64': [ '0.27.3' ],
255 silly audit   '@esbuild/netbsd-arm64': [ '0.27.3' ],
255 silly audit   '@esbuild/netbsd-x64': [ '0.27.3' ],
255 silly audit   '@esbuild/openbsd-arm64': [ '0.27.3' ],
255 silly audit   '@esbuild/openbsd-x64': [ '0.27.3' ],
255 silly audit   '@esbuild/openharmony-arm64': [ '0.27.3' ],
255 silly audit   '@esbuild/sunos-x64': [ '0.27.3' ],
255 silly audit   '@esbuild/win32-arm64': [ '0.27.3' ],
255 silly audit   '@esbuild/win32-ia32': [ '0.27.3' ],
255 silly audit   '@esbuild/win32-x64': [ '0.27.3' ],
255 silly audit   '@firebase/ai': [ '2.8.0' ],
255 silly audit   '@firebase/analytics': [ '0.10.19' ],
255 silly audit   '@firebase/analytics-compat': [ '0.2.25' ],
255 silly audit   '@firebase/analytics-types': [ '0.8.3' ],
255 silly audit   '@firebase/app': [ '0.14.8' ],
255 silly audit   '@firebase/app-check': [ '0.11.0' ],
255 silly audit   '@firebase/app-check-compat': [ '0.4.0' ],
255 silly audit   '@firebase/app-check-interop-types': [ '0.3.3' ],
255 silly audit   '@firebase/app-check-types': [ '0.5.3' ],
255 silly audit   '@firebase/app-compat': [ '0.5.8' ],
255 silly audit   '@firebase/app-types': [ '0.9.3' ],
255 silly audit   '@firebase/auth': [ '1.12.0' ],
255 silly audit   '@firebase/auth-compat': [ '0.6.2' ],
255 silly audit   '@firebase/auth-interop-types': [ '0.2.4' ],
255 silly audit   '@firebase/auth-types': [ '0.13.0' ],
255 silly audit   '@firebase/component': [ '0.7.0' ],
255 silly audit   '@firebase/data-connect': [ '0.3.12' ],
255 silly audit   '@firebase/database': [ '1.1.0' ],
255 silly audit   '@firebase/database-compat': [ '2.1.0' ],
255 silly audit   '@firebase/database-types': [ '1.0.16' ],
255 silly audit   '@firebase/firestore': [ '4.11.0' ],
255 silly audit   '@firebase/firestore-compat': [ '0.4.5' ],
255 silly audit   '@firebase/firestore-types': [ '3.0.3' ],
255 silly audit   '@firebase/functions': [ '0.13.1' ],
255 silly audit   '@firebase/functions-compat': [ '0.4.1' ],
255 silly audit   '@firebase/functions-types': [ '0.6.3' ],
255 silly audit   '@firebase/installations': [ '0.6.19' ],
255 silly audit   '@firebase/installations-compat': [ '0.2.19' ],
255 silly audit   '@firebase/installations-types': [ '0.5.3' ],
255 silly audit   '@firebase/logger': [ '0.5.0' ],
255 silly audit   '@firebase/messaging': [ '0.12.23' ],
255 silly audit   '@firebase/messaging-compat': [ '0.2.23' ],
255 silly audit   '@firebase/messaging-interop-types': [ '0.2.3' ],
255 silly audit   '@firebase/performance': [ '0.7.9' ],
255 silly audit   '@firebase/performance-compat': [ '0.2.22' ],
255 silly audit   '@firebase/performance-types': [ '0.2.3' ],
255 silly audit   '@firebase/remote-config': [ '0.8.0' ],
255 silly audit   '@firebase/remote-config-compat': [ '0.2.21' ],
255 silly audit   '@firebase/remote-config-types': [ '0.5.0' ],
255 silly audit   '@firebase/storage': [ '0.14.0' ],
255 silly audit   '@firebase/storage-compat': [ '0.4.0' ],
255 silly audit   '@firebase/storage-types': [ '0.8.3' ],
255 silly audit   '@firebase/util': [ '1.13.0' ],
255 silly audit   '@firebase/webchannel-wrapper': [ '1.0.5' ],
255 silly audit   '@grpc/grpc-js': [ '1.9.15' ],
255 silly audit   '@grpc/proto-loader': [ '0.7.15' ],
255 silly audit   '@jridgewell/gen-mapping': [ '0.3.13' ],
255 silly audit   '@jridgewell/remapping': [ '2.3.5' ],
255 silly audit   '@jridgewell/resolve-uri': [ '3.1.2' ],
255 silly audit   '@jridgewell/sourcemap-codec': [ '1.5.5' ],
255 silly audit   '@jridgewell/trace-mapping': [ '0.3.31' ],
255 silly audit   '@protobufjs/aspromise': [ '1.1.2' ],
255 silly audit   '@protobufjs/base64': [ '1.1.2' ],
255 silly audit   '@protobufjs/codegen': [ '2.0.4' ],
255 silly audit   '@protobufjs/eventemitter': [ '1.1.0' ],
255 silly audit   '@protobufjs/fetch': [ '1.1.0' ],
255 silly audit   '@protobufjs/float': [ '1.0.2' ],
255 silly audit   '@protobufjs/inquire': [ '1.1.0' ],
255 silly audit   '@protobufjs/path': [ '1.1.2' ],
255 silly audit   '@protobufjs/pool': [ '1.1.0' ],
255 silly audit   '@protobufjs/utf8': [ '1.1.0' ],
255 silly audit   '@rolldown/pluginutils': [ '1.0.0-rc.3' ],
255 silly audit   '@rollup/rollup-android-arm-eabi': [ '4.58.0' ],
255 silly audit   '@rollup/rollup-android-arm64': [ '4.58.0' ],
255 silly audit   '@rollup/rollup-darwin-arm64': [ '4.58.0' ],
255 silly audit   '@rollup/rollup-darwin-x64': [ '4.58.0' ],
255 silly audit   '@rollup/rollup-freebsd-arm64': [ '4.58.0' ],
255 silly audit   '@rollup/rollup-freebsd-x64': [ '4.58.0' ],
255 silly audit   '@rollup/rollup-linux-arm-gnueabihf': [ '4.58.0' ],
255 silly audit   '@rollup/rollup-linux-arm-musleabihf': [ '4.58.0' ],
255 silly audit   '@rollup/rollup-linux-arm64-gnu': [ '4.58.0' ],
255 silly audit   '@rollup/rollup-linux-arm64-musl': [ '4.58.0' ],
255 silly audit   '@rollup/rollup-linux-loong64-gnu': [ '4.58.0' ],
255 silly audit   '@rollup/rollup-linux-loong64-musl': [ '4.58.0' ],
255 silly audit   '@rollup/rollup-linux-ppc64-gnu': [ '4.58.0' ],
255 silly audit   '@rollup/rollup-linux-ppc64-musl': [ '4.58.0' ],
255 silly audit   '@rollup/rollup-linux-riscv64-gnu': [ '4.58.0' ],
255 silly audit   '@rollup/rollup-linux-riscv64-musl': [ '4.58.0' ],
255 silly audit   '@rollup/rollup-linux-s390x-gnu': [ '4.58.0' ],
255 silly audit   '@rollup/rollup-linux-x64-gnu': [ '4.58.0' ],
255 silly audit   '@rollup/rollup-linux-x64-musl': [ '4.58.0' ],
255 silly audit   '@rollup/rollup-openbsd-x64': [ '4.58.0' ],
255 silly audit   '@rollup/rollup-openharmony-arm64': [ '4.58.0' ],
255 silly audit   '@rollup/rollup-win32-arm64-msvc': [ '4.58.0' ],
255 silly audit   '@rollup/rollup-win32-ia32-msvc': [ '4.58.0' ],
255 silly audit   '@rollup/rollup-win32-x64-gnu': [ '4.58.0' ],
255 silly audit   '@rollup/rollup-win32-x64-msvc': [ '4.58.0' ],
255 silly audit   '@types/babel__core': [ '7.20.5' ],
255 silly audit   '@types/babel__generator': [ '7.27.0' ],
255 silly audit   '@types/babel__template': [ '7.4.4' ],
255 silly audit   '@types/babel__traverse': [ '7.28.0' ],
255 silly audit   '@types/estree': [ '1.0.8' ],
255 silly audit   '@types/node': [ '25.3.0' ],
255 silly audit   '@vitejs/plugin-react': [ '5.1.4' ],
255 silly audit   'ansi-regex': [ '5.0.1' ],
255 silly audit   'ansi-styles': [ '4.3.0' ],
255 silly audit   'baseline-browser-mapping': [ '2.10.0' ],
255 silly audit   browserslist: [ '4.28.1' ],
255 silly audit   'caniuse-lite': [ '1.0.30001770' ],
255 silly audit   cliui: [ '8.0.1' ],
255 silly audit   'color-convert': [ '2.0.1' ],
255 silly audit   'color-name': [ '1.1.4' ],
255 silly audit   'convert-source-map': [ '2.0.0' ],
255 silly audit   debug: [ '4.4.3' ],
255 silly audit   'electron-to-chromium': [ '1.5.302' ],
255 silly audit   'emoji-regex': [ '8.0.0' ],
255 silly audit   esbuild: [ '0.27.3' ],
255 silly audit   escalade: [ '3.2.0' ],
255 silly audit   'faye-websocket': [ '0.11.4' ],
255 silly audit   fdir: [ '6.5.0' ],
255 silly audit   firebase: [ '12.9.0' ],
255 silly audit   fsevents: [ '2.3.3' ],
255 silly audit   gensync: [ '1.0.0-beta.2' ],
255 silly audit   'get-caller-file': [ '2.0.5' ],
255 silly audit   'http-parser-js': [ '0.5.10' ],
255 silly audit   idb: [ '7.1.1' ],
255 silly audit   'is-fullwidth-code-point': [ '3.0.0' ],
255 silly audit   'js-tokens': [ '4.0.0' ],
255 silly audit   jsesc: [ '3.1.0' ],
255 silly audit   json5: [ '2.2.3' ],
255 silly audit   'lodash.camelcase': [ '4.3.0' ],
255 silly audit   long: [ '5.3.2' ],
255 silly audit   'lru-cache': [ '5.1.1' ],
255 silly audit   ms: [ '2.1.3' ],
255 silly audit   nanoid: [ '3.3.11' ],
255 silly audit   'node-releases': [ '2.0.27' ],
255 silly audit   picocolors: [ '1.1.1' ],
255 silly audit   picomatch: [ '4.0.3', '2.3.1' ],
255 silly audit   postcss: [ '8.5.6' ],
255 silly audit   protobufjs: [ '7.5.4' ],
255 silly audit   react: [ '19.2.4' ],
255 silly audit   'react-dom': [ '19.2.4' ],
255 silly audit   'react-refresh': [ '0.18.0' ],
255 silly audit   'require-directory': [ '2.1.1' ],
255 silly audit   rollup: [ '4.58.0' ],
255 silly audit   'safe-buffer': [ '5.2.1' ],
255 silly audit   scheduler: [ '0.27.0' ],
255 silly audit   semver: [ '6.3.1' ],
255 silly audit   'source-map-js': [ '1.2.1' ],
255 silly audit   'string-width': [ '4.2.3' ],
255 silly audit   'strip-ansi': [ '6.0.1' ],
255 silly audit   tinyglobby: [ '0.2.15' ],
255 silly audit   tslib: [ '2.8.1' ],
255 silly audit   'undici-types': [ '7.18.2' ],
255 silly audit   'update-browserslist-db': [ '1.2.3' ],
255 silly audit   vite: [ '7.3.1' ],
255 silly audit   'web-vitals': [ '4.2.4' ],
255 silly audit   'websocket-driver': [ '0.7.4' ],
255 silly audit   'websocket-extensions': [ '0.1.4' ],
255 silly audit   'wrap-ansi': [ '7.0.0' ],
255 silly audit   y18n: [ '5.0.8' ],
255 silly audit   yallist: [ '3.1.1' ],
255 silly audit   yargs: [ '17.7.2' ],
255 silly audit   'yargs-parser': [ '21.1.1' ],
255 silly audit   'gh-pages': [ '6.3.0' ],
255 silly audit   async: [ '3.2.6' ],
255 silly audit   commander: [ '13.1.0' ],
255 silly audit   'email-addresses': [ '5.0.0' ],
255 silly audit   filenamify: [ '4.3.0' ],
255 silly audit   'find-cache-dir': [ '3.3.2' ],
255 silly audit   'fs-extra': [ '11.3.3' ],
255 silly audit   globby: [ '11.1.0' ],
255 silly audit   'filename-reserved-regex': [ '2.0.0' ],
255 silly audit   'strip-outer': [ '1.0.1' ],
255 silly audit   'trim-repeated': [ '1.0.0' ],
255 silly audit   commondir: [ '1.0.1' ],
255 silly audit   'make-dir': [ '3.1.0' ],
255 silly audit   'pkg-dir': [ '4.2.0' ],
255 silly audit   'graceful-fs': [ '4.2.11' ],
255 silly audit   jsonfile: [ '6.2.0' ],
255 silly audit   universalify: [ '2.0.1' ],
255 silly audit   'array-union': [ '2.1.0' ],
255 silly audit   'dir-glob': [ '3.0.1' ],
255 silly audit   'fast-glob': [ '3.3.3' ],
255 silly audit   ignore: [ '5.3.2' ],
255 silly audit   merge2: [ '1.4.1' ],
255 silly audit   slash: [ '3.0.0' ],
255 silly audit   'path-type': [ '4.0.0' ],
255 silly audit   '@nodelib/fs.stat': [ '2.0.5' ],
255 silly audit   '@nodelib/fs.walk': [ '1.2.8' ],
255 silly audit   'glob-parent': [ '5.1.2' ],
255 silly audit   micromatch: [ '4.0.8' ],
255 silly audit   '@nodelib/fs.scandir': [ '2.1.5' ],
255 silly audit   fastq: [ '1.20.1' ],
255 silly audit   'run-parallel': [ '1.2.0' ],
255 silly audit   reusify: [ '1.1.0' ],
255 silly audit   'is-glob': [ '4.0.3' ],
255 silly audit   'is-extglob': [ '2.1.1' ],
255 silly audit   braces: [ '3.0.3' ],
255 silly audit   'fill-range': [ '7.1.1' ],
255 silly audit   'to-regex-range': [ '5.0.1' ],
255 silly audit   'find-up': [ '4.1.0' ],
255 silly audit   'locate-path': [ '5.0.0' ],
255 silly audit   'path-exists': [ '4.0.0' ],
255 silly audit   'p-locate': [ '4.1.0' ],
255 silly audit   'p-limit': [ '2.3.0' ],
255 silly audit   'p-try': [ '2.2.0' ],
255 silly audit   'queue-microtask': [ '1.2.3' ],
255 silly audit   'escape-string-regexp': [ '1.0.5' ],
255 silly audit   'is-number': [ '7.0.0' ]
255 silly audit }
256 http cache is-number@https://registry.npmjs.org/is-number/-/is-number-7.0.0.tgz 0ms (cache hit)
257 http cache escape-string-regexp@https://registry.npmjs.org/escape-string-regexp/-/escape-string-regexp-1.0.5.tgz 0ms (cache hit)
258 http cache queue-microtask@https://registry.npmjs.org/queue-microtask/-/queue-microtask-1.2.3.tgz 0ms (cache hit)
259 http cache p-try@https://registry.npmjs.org/p-try/-/p-try-2.2.0.tgz 0ms (cache hit)
260 http cache p-limit@https://registry.npmjs.org/p-limit/-/p-limit-2.3.0.tgz 0ms (cache hit)
261 http cache p-locate@https://registry.npmjs.org/p-locate/-/p-locate-4.1.0.tgz 0ms (cache hit)
262 http cache path-exists@https://registry.npmjs.org/path-exists/-/path-exists-4.0.0.tgz 0ms (cache hit)
263 http cache locate-path@https://registry.npmjs.org/locate-path/-/locate-path-5.0.0.tgz 0ms (cache hit)
264 http cache find-up@https://registry.npmjs.org/find-up/-/find-up-4.1.0.tgz 0ms (cache hit)
265 http cache to-regex-range@https://registry.npmjs.org/to-regex-range/-/to-regex-range-5.0.1.tgz 0ms (cache hit)
266 http cache fill-range@https://registry.npmjs.org/fill-range/-/fill-range-7.1.1.tgz 0ms (cache hit)
267 http cache braces@https://registry.npmjs.org/braces/-/braces-3.0.3.tgz 0ms (cache hit)
268 http cache is-extglob@https://registry.npmjs.org/is-extglob/-/is-extglob-2.1.1.tgz 0ms (cache hit)
269 http cache is-glob@https://registry.npmjs.org/is-glob/-/is-glob-4.0.3.tgz 0ms (cache hit)
270 http cache reusify@https://registry.npmjs.org/reusify/-/reusify-1.1.0.tgz 0ms (cache hit)
271 http cache run-parallel@https://registry.npmjs.org/run-parallel/-/run-parallel-1.2.0.tgz 0ms (cache hit)
272 http cache fastq@https://registry.npmjs.org/fastq/-/fastq-1.20.1.tgz 0ms (cache hit)
273 http cache @nodelib/fs.scandir@https://registry.npmjs.org/@nodelib/fs.scandir/-/fs.scandir-2.1.5.tgz 0ms (cache hit)
274 http cache micromatch@https://registry.npmjs.org/micromatch/-/micromatch-4.0.8.tgz 0ms (cache hit)
275 http cache glob-parent@https://registry.npmjs.org/glob-parent/-/glob-parent-5.1.2.tgz 0ms (cache hit)
276 http cache @nodelib/fs.walk@https://registry.npmjs.org/@nodelib/fs.walk/-/fs.walk-1.2.8.tgz 0ms (cache hit)
277 http cache @nodelib/fs.stat@https://registry.npmjs.org/@nodelib/fs.stat/-/fs.stat-2.0.5.tgz 0ms (cache hit)
278 http cache path-type@https://registry.npmjs.org/path-type/-/path-type-4.0.0.tgz 0ms (cache hit)
279 http cache slash@https://registry.npmjs.org/slash/-/slash-3.0.0.tgz 0ms (cache hit)
280 http cache merge2@https://registry.npmjs.org/merge2/-/merge2-1.4.1.tgz 0ms (cache hit)
281 http cache ignore@https://registry.npmjs.org/ignore/-/ignore-5.3.2.tgz 0ms (cache hit)
282 http cache fast-glob@https://registry.npmjs.org/fast-glob/-/fast-glob-3.3.3.tgz 0ms (cache hit)
283 http cache dir-glob@https://registry.npmjs.org/dir-glob/-/dir-glob-3.0.1.tgz 0ms (cache hit)
284 http cache array-union@https://registry.npmjs.org/array-union/-/array-union-2.1.0.tgz 0ms (cache hit)
285 http cache universalify@https://registry.npmjs.org/universalify/-/universalify-2.0.1.tgz 0ms (cache hit)
286 http cache jsonfile@https://registry.npmjs.org/jsonfile/-/jsonfile-6.2.0.tgz 0ms (cache hit)
287 http cache graceful-fs@https://registry.npmjs.org/graceful-fs/-/graceful-fs-4.2.11.tgz 1ms (cache hit)
288 http cache pkg-dir@https://registry.npmjs.org/pkg-dir/-/pkg-dir-4.2.0.tgz 0ms (cache hit)
289 http cache make-dir@https://registry.npmjs.org/make-dir/-/make-dir-3.1.0.tgz 0ms (cache hit)
290 http cache commondir@https://registry.npmjs.org/commondir/-/commondir-1.0.1.tgz 0ms (cache hit)
291 http cache trim-repeated@https://registry.npmjs.org/trim-repeated/-/trim-repeated-1.0.0.tgz 0ms (cache hit)
292 http cache strip-outer@https://registry.npmjs.org/strip-outer/-/strip-outer-1.0.1.tgz 0ms (cache hit)
293 http cache filename-reserved-regex@https://registry.npmjs.org/filename-reserved-regex/-/filename-reserved-regex-2.0.0.tgz 0ms (cache hit)
294 http cache globby@https://registry.npmjs.org/globby/-/globby-11.1.0.tgz 0ms (cache hit)
295 http cache fs-extra@https://registry.npmjs.org/fs-extra/-/fs-extra-11.3.3.tgz 0ms (cache hit)
296 http cache find-cache-dir@https://registry.npmjs.org/find-cache-dir/-/find-cache-dir-3.3.2.tgz 0ms (cache hit)
297 http cache filenamify@https://registry.npmjs.org/filenamify/-/filenamify-4.3.0.tgz 0ms (cache hit)
298 http cache email-addresses@https://registry.npmjs.org/email-addresses/-/email-addresses-5.0.0.tgz 0ms (cache hit)
299 http cache commander@https://registry.npmjs.org/commander/-/commander-13.1.0.tgz 0ms (cache hit)
300 http cache async@https://registry.npmjs.org/async/-/async-3.2.6.tgz 0ms (cache hit)
301 http cache gh-pages@https://registry.npmjs.org/gh-pages/-/gh-pages-6.3.0.tgz 0ms (cache hit)
302 http cache @rollup/rollup-linux-x64-musl@https://registry.npmjs.org/@rollup/rollup-linux-x64-musl/-/rollup-linux-x64-musl-4.58.0.tgz 1ms (cache hit)
303 http cache picomatch@https://registry.npmjs.org/picomatch/-/picomatch-2.3.1.tgz 0ms (cache hit)
304 silly tarball no local data for is-number@https://registry.npmjs.org/is-number/-/is-number-7.0.0.tgz. Extracting by manifest.
305 silly tarball no local data for escape-string-regexp@https://registry.npmjs.org/escape-string-regexp/-/escape-string-regexp-1.0.5.tgz. Extracting by manifest.
306 silly tarball no local data for queue-microtask@https://registry.npmjs.org/queue-microtask/-/queue-microtask-1.2.3.tgz. Extracting by manifest.
307 silly tarball no local data for p-try@https://registry.npmjs.org/p-try/-/p-try-2.2.0.tgz. Extracting by manifest.
308 silly tarball no local data for p-limit@https://registry.npmjs.org/p-limit/-/p-limit-2.3.0.tgz. Extracting by manifest.
309 silly tarball no local data for p-locate@https://registry.npmjs.org/p-locate/-/p-locate-4.1.0.tgz. Extracting by manifest.
310 silly tarball no local data for path-exists@https://registry.npmjs.org/path-exists/-/path-exists-4.0.0.tgz. Extracting by manifest.
311 silly tarball no local data for locate-path@https://registry.npmjs.org/locate-path/-/locate-path-5.0.0.tgz. Extracting by manifest.
312 silly tarball no local data for find-up@https://registry.npmjs.org/find-up/-/find-up-4.1.0.tgz. Extracting by manifest.
313 silly tarball no local data for to-regex-range@https://registry.npmjs.org/to-regex-range/-/to-regex-range-5.0.1.tgz. Extracting by manifest.
314 silly tarball no local data for fill-range@https://registry.npmjs.org/fill-range/-/fill-range-7.1.1.tgz. Extracting by manifest.
315 silly tarball no local data for braces@https://registry.npmjs.org/braces/-/braces-3.0.3.tgz. Extracting by manifest.
316 silly tarball no local data for is-extglob@https://registry.npmjs.org/is-extglob/-/is-extglob-2.1.1.tgz. Extracting by manifest.
317 silly tarball no local data for is-glob@https://registry.npmjs.org/is-glob/-/is-glob-4.0.3.tgz. Extracting by manifest.
318 silly tarball no local data for reusify@https://registry.npmjs.org/reusify/-/reusify-1.1.0.tgz. Extracting by manifest.
319 silly tarball no local data for run-parallel@https://registry.npmjs.org/run-parallel/-/run-parallel-1.2.0.tgz. Extracting by manifest.
320 silly tarball no local data for fastq@https://registry.npmjs.org/fastq/-/fastq-1.20.1.tgz. Extracting by manifest.
321 silly tarball no local data for micromatch@https://registry.npmjs.org/micromatch/-/micromatch-4.0.8.tgz. Extracting by manifest.
322 silly tarball no local data for glob-parent@https://registry.npmjs.org/glob-parent/-/glob-parent-5.1.2.tgz. Extracting by manifest.
323 silly tarball no local data for @nodelib/fs.scandir@https://registry.npmjs.org/@nodelib/fs.scandir/-/fs.scandir-2.1.5.tgz. Extracting by manifest.
324 silly tarball no local data for @nodelib/fs.walk@https://registry.npmjs.org/@nodelib/fs.walk/-/fs.walk-1.2.8.tgz. Extracting by manifest.
325 silly tarball no local data for @nodelib/fs.stat@https://registry.npmjs.org/@nodelib/fs.stat/-/fs.stat-2.0.5.tgz. Extracting by manifest.
326 silly tarball no local data for path-type@https://registry.npmjs.org/path-type/-/path-type-4.0.0.tgz. Extracting by manifest.
327 silly tarball no local data for slash@https://registry.npmjs.org/slash/-/slash-3.0.0.tgz. Extracting by manifest.
328 silly tarball no local data for merge2@https://registry.npmjs.org/merge2/-/merge2-1.4.1.tgz. Extracting by manifest.
329 silly tarball no local data for ignore@https://registry.npmjs.org/ignore/-/ignore-5.3.2.tgz. Extracting by manifest.
330 silly tarball no local data for fast-glob@https://registry.npmjs.org/fast-glob/-/fast-glob-3.3.3.tgz. Extracting by manifest.
331 silly tarball no local data for dir-glob@https://registry.npmjs.org/dir-glob/-/dir-glob-3.0.1.tgz. Extracting by manifest.
332 silly tarball no local data for array-union@https://registry.npmjs.org/array-union/-/array-union-2.1.0.tgz. Extracting by manifest.
333 silly tarball no local data for universalify@https://registry.npmjs.org/universalify/-/universalify-2.0.1.tgz. Extracting by manifest.
334 silly tarball no local data for jsonfile@https://registry.npmjs.org/jsonfile/-/jsonfile-6.2.0.tgz. Extracting by manifest.
335 silly tarball no local data for graceful-fs@https://registry.npmjs.org/graceful-fs/-/graceful-fs-4.2.11.tgz. Extracting by manifest.
336 silly tarball no local data for pkg-dir@https://registry.npmjs.org/pkg-dir/-/pkg-dir-4.2.0.tgz. Extracting by manifest.
337 silly tarball no local data for make-dir@https://registry.npmjs.org/make-dir/-/make-dir-3.1.0.tgz. Extracting by manifest.
338 silly tarball no local data for commondir@https://registry.npmjs.org/commondir/-/commondir-1.0.1.tgz. Extracting by manifest.
339 silly tarball no local data for trim-repeated@https://registry.npmjs.org/trim-repeated/-/trim-repeated-1.0.0.tgz. Extracting by manifest.
340 silly tarball no local data for strip-outer@https://registry.npmjs.org/strip-outer/-/strip-outer-1.0.1.tgz. Extracting by manifest.
341 silly tarball no local data for filename-reserved-regex@https://registry.npmjs.org/filename-reserved-regex/-/filename-reserved-regex-2.0.0.tgz. Extracting by manifest.
342 silly tarball no local data for globby@https://registry.npmjs.org/globby/-/globby-11.1.0.tgz. Extracting by manifest.
343 silly tarball no local data for fs-extra@https://registry.npmjs.org/fs-extra/-/fs-extra-11.3.3.tgz. Extracting by manifest.
344 silly tarball no local data for find-cache-dir@https://registry.npmjs.org/find-cache-dir/-/find-cache-dir-3.3.2.tgz. Extracting by manifest.
345 silly tarball no local data for filenamify@https://registry.npmjs.org/filenamify/-/filenamify-4.3.0.tgz. Extracting by manifest.
346 silly tarball no local data for email-addresses@https://registry.npmjs.org/email-addresses/-/email-addresses-5.0.0.tgz. Extracting by manifest.
347 silly tarball no local data for commander@https://registry.npmjs.org/commander/-/commander-13.1.0.tgz. Extracting by manifest.
348 silly tarball no local data for async@https://registry.npmjs.org/async/-/async-3.2.6.tgz. Extracting by manifest.
349 silly tarball no local data for gh-pages@https://registry.npmjs.org/gh-pages/-/gh-pages-6.3.0.tgz. Extracting by manifest.
350 silly tarball no local data for @rollup/rollup-linux-x64-musl@https://registry.npmjs.org/@rollup/rollup-linux-x64-musl/-/rollup-linux-x64-musl-4.58.0.tgz. Extracting by manifest.
351 silly tarball no local data for picomatch@https://registry.npmjs.org/picomatch/-/picomatch-2.3.1.tgz. Extracting by manifest.
352 http fetch POST 200 https://registry.npmjs.org/-/npm/v1/security/advisories/bulk 264ms
353 silly audit report {}
354 http fetch GET 200 https://registry.npmjs.org/p-try/-/p-try-2.2.0.tgz 655ms (cache miss)
355 http fetch GET 200 https://registry.npmjs.org/escape-string-regexp/-/escape-string-regexp-1.0.5.tgz 659ms (cache miss)
356 http fetch GET 200 https://registry.npmjs.org/path-exists/-/path-exists-4.0.0.tgz 652ms (cache miss)
357 http fetch GET 200 https://registry.npmjs.org/p-limit/-/p-limit-2.3.0.tgz 667ms (cache miss)
358 http fetch GET 200 https://registry.npmjs.org/locate-path/-/locate-path-5.0.0.tgz 663ms (cache miss)
359 http fetch GET 200 https://registry.npmjs.org/run-parallel/-/run-parallel-1.2.0.tgz 656ms (cache miss)
360 http fetch GET 200 https://registry.npmjs.org/p-locate/-/p-locate-4.1.0.tgz 694ms (cache miss)
361 http fetch GET 200 https://registry.npmjs.org/path-type/-/path-type-4.0.0.tgz 704ms (cache miss)
362 http fetch GET 200 https://registry.npmjs.org/slash/-/slash-3.0.0.tgz 705ms (cache miss)
363 http fetch GET 200 https://registry.npmjs.org/glob-parent/-/glob-parent-5.1.2.tgz 717ms (cache miss)
364 http fetch GET 200 https://registry.npmjs.org/find-up/-/find-up-4.1.0.tgz 728ms (cache miss)
365 http fetch GET 200 https://registry.npmjs.org/is-extglob/-/is-extglob-2.1.1.tgz 727ms (cache miss)
366 http fetch GET 200 https://registry.npmjs.org/universalify/-/universalify-2.0.1.tgz 713ms (cache miss)
367 http fetch GET 200 https://registry.npmjs.org/array-union/-/array-union-2.1.0.tgz 717ms (cache miss)
368 http fetch GET 200 https://registry.npmjs.org/is-number/-/is-number-7.0.0.tgz 756ms (cache miss)
369 http fetch GET 200 https://registry.npmjs.org/queue-microtask/-/queue-microtask-1.2.3.tgz 754ms (cache miss)
370 http fetch GET 200 https://registry.npmjs.org/merge2/-/merge2-1.4.1.tgz 732ms (cache miss)
371 http fetch GET 200 https://registry.npmjs.org/dir-glob/-/dir-glob-3.0.1.tgz 731ms (cache miss)
372 http fetch GET 200 https://registry.npmjs.org/strip-outer/-/strip-outer-1.0.1.tgz 719ms (cache miss)
373 http fetch GET 200 https://registry.npmjs.org/filename-reserved-regex/-/filename-reserved-regex-2.0.0.tgz 718ms (cache miss)
374 http fetch GET 200 https://registry.npmjs.org/filenamify/-/filenamify-4.3.0.tgz 711ms (cache miss)
375 http fetch GET 200 https://registry.npmjs.org/fill-range/-/fill-range-7.1.1.tgz 759ms (cache miss)
376 http fetch GET 200 https://registry.npmjs.org/is-glob/-/is-glob-4.0.3.tgz 757ms (cache miss)
377 http fetch GET 200 https://registry.npmjs.org/ignore/-/ignore-5.3.2.tgz 747ms (cache miss)
378 http fetch GET 200 https://registry.npmjs.org/jsonfile/-/jsonfile-6.2.0.tgz 741ms (cache miss)
379 http fetch GET 200 https://registry.npmjs.org/to-regex-range/-/to-regex-range-5.0.1.tgz 767ms (cache miss)
380 http fetch GET 200 https://registry.npmjs.org/trim-repeated/-/trim-repeated-1.0.0.tgz 744ms (cache miss)
381 http fetch GET 200 https://registry.npmjs.org/find-cache-dir/-/find-cache-dir-3.3.2.tgz 746ms (cache miss)
382 http fetch GET 200 https://registry.npmjs.org/commondir/-/commondir-1.0.1.tgz 761ms (cache miss)
383 http fetch GET 200 https://registry.npmjs.org/pkg-dir/-/pkg-dir-4.2.0.tgz 765ms (cache miss)
384 http fetch GET 200 https://registry.npmjs.org/reusify/-/reusify-1.1.0.tgz 789ms (cache miss)
385 http fetch GET 200 https://registry.npmjs.org/make-dir/-/make-dir-3.1.0.tgz 770ms (cache miss)
386 http fetch GET 200 https://registry.npmjs.org/graceful-fs/-/graceful-fs-4.2.11.tgz 791ms (cache miss)
387 http fetch GET 200 https://registry.npmjs.org/globby/-/globby-11.1.0.tgz 805ms (cache miss)
388 http fetch GET 200 https://registry.npmjs.org/micromatch/-/micromatch-4.0.8.tgz 854ms (cache miss)
389 http fetch GET 200 https://registry.npmjs.org/fastq/-/fastq-1.20.1.tgz 863ms (cache miss)
390 http fetch GET 200 https://registry.npmjs.org/gh-pages/-/gh-pages-6.3.0.tgz 875ms (cache miss)
391 http fetch GET 200 https://registry.npmjs.org/braces/-/braces-3.0.3.tgz 936ms (cache miss)
392 http fetch GET 200 https://registry.npmjs.org/@nodelib/fs.stat/-/fs.stat-2.0.5.tgz 967ms (cache miss)
393 http fetch GET 200 https://registry.npmjs.org/picomatch/-/picomatch-2.3.1.tgz 946ms (cache miss)
394 http fetch GET 200 https://registry.npmjs.org/email-addresses/-/email-addresses-5.0.0.tgz 956ms (cache miss)
395 http fetch GET 200 https://registry.npmjs.org/commander/-/commander-13.1.0.tgz 984ms (cache miss)
396 http fetch GET 200 https://registry.npmjs.org/@nodelib/fs.scandir/-/fs.scandir-2.1.5.tgz 1038ms (cache miss)
397 http fetch GET 200 https://registry.npmjs.org/@nodelib/fs.walk/-/fs.walk-1.2.8.tgz 1060ms (cache miss)
398 http fetch GET 200 https://registry.npmjs.org/fs-extra/-/fs-extra-11.3.3.tgz 1112ms (cache miss)
399 http fetch GET 200 https://registry.npmjs.org/@rollup/rollup-linux-x64-musl/-/rollup-linux-x64-musl-4.58.0.tgz 1132ms (cache miss)
400 http fetch GET 200 https://registry.npmjs.org/fast-glob/-/fast-glob-3.3.3.tgz 1220ms (cache miss)
401 http fetch GET 200 https://registry.npmjs.org/async/-/async-3.2.6.tgz 1192ms (cache miss)
402 silly ADD node_modules/is-number
403 silly ADD node_modules/escape-string-regexp
404 silly ADD node_modules/queue-microtask
405 silly ADD node_modules/p-try
406 silly ADD node_modules/p-limit
407 silly ADD node_modules/p-locate
408 silly ADD node_modules/path-exists
409 silly ADD node_modules/locate-path
410 silly ADD node_modules/find-up
411 silly ADD node_modules/to-regex-range
412 silly ADD node_modules/fill-range
413 silly ADD node_modules/braces
414 silly ADD node_modules/is-extglob
415 silly ADD node_modules/is-glob
416 silly ADD node_modules/reusify
417 silly ADD node_modules/run-parallel
418 silly ADD node_modules/fastq
419 silly ADD node_modules/@nodelib/fs.scandir
420 silly ADD node_modules/micromatch
421 silly ADD node_modules/micromatch/node_modules/picomatch
422 silly ADD node_modules/glob-parent
423 silly ADD node_modules/@nodelib/fs.walk
424 silly ADD node_modules/@nodelib/fs.stat
425 silly ADD node_modules/path-type
426 silly ADD node_modules/slash
427 silly ADD node_modules/merge2
428 silly ADD node_modules/ignore
429 silly ADD node_modules/fast-glob
430 silly ADD node_modules/dir-glob
431 silly ADD node_modules/array-union
432 silly ADD node_modules/universalify
433 silly ADD node_modules/jsonfile
434 silly ADD node_modules/graceful-fs
435 silly ADD node_modules/pkg-dir
436 silly ADD node_modules/make-dir
437 silly ADD node_modules/commondir
438 silly ADD node_modules/trim-repeated
439 silly ADD node_modules/strip-outer
440 silly ADD node_modules/filename-reserved-regex
441 silly ADD node_modules/globby
442 silly ADD node_modules/fs-extra
443 silly ADD node_modules/find-cache-dir
444 silly ADD node_modules/filenamify
445 silly ADD node_modules/email-addresses
446 silly ADD node_modules/commander
447 silly ADD node_modules/async
448 silly ADD node_modules/gh-pages
449 silly ADD node_modules/@rollup/rollup-linux-x64-musl
450 verbose cwd /home/lit_kinjackson
451 verbose os Linux 6.6.111+
452 verbose node v24.13.1
453 verbose npm  v11.9.0
454 verbose exit 0
455 info ok
