0 verbose cli /usr/local/nvm/versions/node/v24.13.1/bin/node /usr/local/nvm/versions/node/v24.13.1/bin/npm
1 info using npm@11.9.0
2 info using node@v24.13.1
3 silly config load:file:/usr/local/nvm/versions/node/v24.13.1/lib/node_modules/npm/npmrc
4 silly config load:file:/home/lit_kinjackson/.cache/typescript/5.9/.npmrc
5 silly config load:file:/home/lit_kinjackson/.npmrc
6 silly config load:file:/usr/local/nvm/versions/node/v24.13.1/etc/npmrc
7 verbose title npm install @types/react-dom@ts5.9
8 verbose argv "install" "--ignore-scripts" "@types/react-dom@ts5.9" "--save-dev" "--user-agent" "typesInstaller/5.9.2"
9 verbose logfile logs-max:10 dir:/home/lit_kinjackson/.npm/_logs/2026-02-21T09_10_30_287Z-
10 verbose logfile /home/lit_kinjackson/.npm/_logs/2026-02-21T09_10_30_287Z-debug-0.log
11 silly logfile done cleaning log files
12 silly packumentCache heap:2348810240 maxSize:587202560 maxEntrySize:293601280
13 silly packumentCache corgi:https://registry.npmjs.org/@types%2freact-dom cache-miss
14 http fetch GET 200 https://registry.npmjs.org/@types%2freact-dom 123ms (cache miss)
15 silly packumentCache corgi:https://registry.npmjs.org/@types%2freact-dom set size:undefined disposed:false
16 silly idealTree buildDeps
17 silly fetch manifest @types/react-dom@19.2.3
18 silly packumentCache full:https://registry.npmjs.org/@types%2freact-dom cache-miss
19 http fetch GET 200 https://registry.npmjs.org/@types%2freact-dom 60ms (cache miss)
20 silly packumentCache full:https://registry.npmjs.org/@types%2freact-dom set size:undefined disposed:false
21 silly fetch manifest @types/react@^19.2.14
22 silly packumentCache full:https://registry.npmjs.org/@types%2freact cache-miss
23 http fetch GET 200 https://registry.npmjs.org/@types%2freact 207ms (cache revalidated)
24 silly packumentCache full:https://registry.npmjs.org/@types%2freact set size:2588986 disposed:false
25 silly placeDep ROOT @types/react-dom@19.2.3 OK for:  want: 19.2.3
26 silly reify moves {}
27 silly audit bulk request {
27 silly audit   '@types/react': [ '19.2.14' ],
27 silly audit   csstype: [ '3.2.3' ],
27 silly audit   'types-registry': [ '0.1.757' ],
27 silly audit   '@types/react-dom': [ '19.2.3' ]
27 silly audit }
28 http cache @types/react-dom@https://registry.npmjs.org/@types/react-dom/-/react-dom-19.2.3.tgz 0ms (cache hit)
29 silly tarball no local data for @types/react-dom@https://registry.npmjs.org/@types/react-dom/-/react-dom-19.2.3.tgz. Extracting by manifest.
30 http fetch POST 200 https://registry.npmjs.org/-/npm/v1/security/advisories/bulk 171ms
31 silly audit report {}
32 http fetch GET 200 https://registry.npmjs.org/@types/react-dom/-/react-dom-19.2.3.tgz 180ms (cache miss)
33 silly ADD node_modules/@types/react-dom
34 verbose cwd /home/lit_kinjackson/.cache/typescript/5.9
35 verbose os Linux 6.6.111+
36 verbose node v24.13.1
37 verbose npm  v11.9.0
38 verbose exit 0
39 info ok
