0 verbose cli /usr/local/nvm/versions/node/v24.13.1/bin/node /usr/local/nvm/versions/node/v24.13.1/bin/npm
1 info using npm@11.9.0
2 info using node@v24.13.1
3 silly config load:file:/usr/local/nvm/versions/node/v24.13.1/lib/node_modules/npm/npmrc
4 silly config load:file:/home/lit_kinjackson/.cache/typescript/5.9/.npmrc
5 silly config load:file:/home/lit_kinjackson/.npmrc
6 silly config load:file:/usr/local/nvm/versions/node/v24.13.1/etc/npmrc
7 verbose title npm install @types/gh-pages@ts5.9
8 verbose argv "install" "--ignore-scripts" "@types/gh-pages@ts5.9" "--save-dev" "--user-agent" "typesInstaller/5.9.2"
9 verbose logfile logs-max:10 dir:/home/lit_kinjackson/.npm/_logs/2026-02-21T09_46_31_427Z-
10 verbose logfile /home/lit_kinjackson/.npm/_logs/2026-02-21T09_46_31_427Z-debug-0.log
11 silly logfile start cleaning logs, removing 1 files
12 silly logfile done cleaning log files
13 silly packumentCache heap:2348810240 maxSize:587202560 maxEntrySize:293601280
14 silly packumentCache corgi:https://registry.npmjs.org/@types%2fgh-pages cache-miss
15 http fetch GET 200 https://registry.npmjs.org/@types%2fgh-pages 761ms (cache miss)
16 silly packumentCache corgi:https://registry.npmjs.org/@types%2fgh-pages set size:undefined disposed:false
17 silly idealTree buildDeps
18 silly fetch manifest @types/gh-pages@6.1.0
19 silly packumentCache full:https://registry.npmjs.org/@types%2fgh-pages cache-miss
20 http fetch GET 200 https://registry.npmjs.org/@types%2fgh-pages 412ms (cache miss)
21 silly packumentCache full:https://registry.npmjs.org/@types%2fgh-pages set size:undefined disposed:false
22 silly placeDep ROOT @types/gh-pages@6.1.0 OK for:  want: 6.1.0
23 silly reify moves {}
24 silly audit bulk request {
24 silly audit   '@types/less': [ '3.0.8' ],
24 silly audit   '@types/node': [ '25.3.0' ],
24 silly audit   '@types/react': [ '19.2.14' ],
24 silly audit   '@types/react-dom': [ '19.2.3' ],
24 silly audit   '@types/scheduler': [ '0.26.0' ],
24 silly audit   '@types/stylus': [ '0.48.43' ],
24 silly audit   csstype: [ '3.2.3' ],
24 silly audit   'types-registry': [ '0.1.757' ],
24 silly audit   'undici-types': [ '7.18.2' ],
24 silly audit   '@types/gh-pages': [ '6.1.0' ]
24 silly audit }
25 http cache @types/gh-pages@https://registry.npmjs.org/@types/gh-pages/-/gh-pages-6.1.0.tgz 1ms (cache hit)
26 silly tarball no local data for @types/gh-pages@https://registry.npmjs.org/@types/gh-pages/-/gh-pages-6.1.0.tgz. Extracting by manifest.
27 http fetch POST 200 https://registry.npmjs.org/-/npm/v1/security/advisories/bulk 166ms
28 silly audit report {}
29 http fetch GET 200 https://registry.npmjs.org/@types/gh-pages/-/gh-pages-6.1.0.tgz 563ms (cache miss)
30 silly ADD node_modules/@types/gh-pages
31 verbose cwd /home/lit_kinjackson/.cache/typescript/5.9
32 verbose os Linux 6.6.111+
33 verbose node v24.13.1
34 verbose npm  v11.9.0
35 verbose exit 0
36 info ok
