0 verbose cli /usr/local/nvm/versions/node/v24.13.1/bin/node /usr/local/nvm/versions/node/v24.13.1/bin/npm
1 info using npm@11.9.0
2 info using node@v24.13.1
3 silly config load:file:/usr/local/nvm/versions/node/v24.13.1/lib/node_modules/npm/npmrc
4 silly config load:file:/home/lit_kinjackson/.npmrc
5 silly config load:file:/usr/local/nvm/versions/node/v24.13.1/etc/npmrc
6 verbose title npm install vite @vitejs/plugin-react react react-dom firebase
7 verbose argv "install" "vite" "@vitejs/plugin-react" "react" "react-dom" "firebase"
8 verbose logfile logs-max:10 dir:/home/lit_kinjackson/.npm/_logs/2026-02-21T09_08_59_040Z-
9 verbose logfile /home/lit_kinjackson/.npm/_logs/2026-02-21T09_08_59_040Z-debug-0.log
10 silly logfile done cleaning log files
11 silly packumentCache heap:2348810240 maxSize:587202560 maxEntrySize:293601280
12 silly idealTree buildDeps
13 silly fetch manifest firebase@^12.9.0
14 silly packumentCache full:https://registry.npmjs.org/firebase cache-miss
15 http cache https://registry.npmjs.org/firebase 449ms (cache hit)
16 silly packumentCache full:https://registry.npmjs.org/firebase set size:29581126 disposed:false
17 silly fetch manifest vite@*
18 silly packumentCache full:https://registry.npmjs.org/vite cache-miss
19 http fetch GET 200 https://registry.npmjs.org/vite 979ms (cache miss)
20 silly packumentCache full:https://registry.npmjs.org/vite set size:undefined disposed:false
21 silly fetch manifest @types/node@^20.19.0 || >=22.12.0
22 silly packumentCache full:https://registry.npmjs.org/@types%2fnode cache-miss
23 http cache https://registry.npmjs.org/@types%2fnode 42ms (cache hit)
24 silly packumentCache full:https://registry.npmjs.org/@types%2fnode set size:10864169 disposed:false
25 silly fetch manifest jiti@>=1.21.0
26 silly packumentCache full:https://registry.npmjs.org/jiti cache-miss
27 http fetch GET 200 https://registry.npmjs.org/jiti 60ms (cache miss)
28 silly packumentCache full:https://registry.npmjs.org/jiti set size:undefined disposed:false
29 silly fetch manifest less@^4.0.0
30 silly packumentCache full:https://registry.npmjs.org/less cache-miss
31 http fetch GET 200 https://registry.npmjs.org/less 53ms (cache miss)
32 silly packumentCache full:https://registry.npmjs.org/less set size:undefined disposed:false
33 silly fetch manifest lightningcss@^1.21.0
34 silly packumentCache full:https://registry.npmjs.org/lightningcss cache-miss
35 http fetch GET 200 https://registry.npmjs.org/lightningcss 39ms (cache miss)
36 silly packumentCache full:https://registry.npmjs.org/lightningcss set size:undefined disposed:false
37 silly fetch manifest sass@^1.70.0
38 silly packumentCache full:https://registry.npmjs.org/sass cache-miss
39 http fetch GET 200 https://registry.npmjs.org/sass 42ms (cache miss)
40 silly packumentCache full:https://registry.npmjs.org/sass set size:undefined disposed:false
41 silly fetch manifest sass-embedded@^1.70.0
42 silly packumentCache full:https://registry.npmjs.org/sass-embedded cache-miss
43 http fetch GET 200 https://registry.npmjs.org/sass-embedded 43ms (cache miss)
44 silly packumentCache full:https://registry.npmjs.org/sass-embedded set size:undefined disposed:false
45 silly fetch manifest stylus@>=0.54.8
46 silly packumentCache full:https://registry.npmjs.org/stylus cache-miss
47 http fetch GET 200 https://registry.npmjs.org/stylus 45ms (cache miss)
48 silly packumentCache full:https://registry.npmjs.org/stylus set size:undefined disposed:false
49 silly fetch manifest sugarss@^5.0.0
50 silly packumentCache full:https://registry.npmjs.org/sugarss cache-miss
51 http fetch GET 200 https://registry.npmjs.org/sugarss 36ms (cache miss)
52 silly packumentCache full:https://registry.npmjs.org/sugarss set size:undefined disposed:false
53 silly fetch manifest postcss@^8.3.3
54 silly packumentCache full:https://registry.npmjs.org/postcss cache-miss
55 http fetch GET 200 https://registry.npmjs.org/postcss 43ms (cache miss)
56 silly packumentCache full:https://registry.npmjs.org/postcss set size:undefined disposed:false
57 silly fetch manifest terser@^5.16.0
58 silly packumentCache full:https://registry.npmjs.org/terser cache-miss
59 http fetch GET 200 https://registry.npmjs.org/terser 62ms (cache miss)
60 silly packumentCache full:https://registry.npmjs.org/terser set size:undefined disposed:false
61 silly fetch manifest tsx@^4.8.1
62 silly packumentCache full:https://registry.npmjs.org/tsx cache-miss
63 http fetch GET 200 https://registry.npmjs.org/tsx 34ms (cache miss)
64 silly packumentCache full:https://registry.npmjs.org/tsx set size:undefined disposed:false
65 silly fetch manifest yaml@^2.4.2
66 silly packumentCache full:https://registry.npmjs.org/yaml cache-miss
67 http fetch GET 200 https://registry.npmjs.org/yaml 39ms (cache miss)
68 silly packumentCache full:https://registry.npmjs.org/yaml set size:undefined disposed:false
69 silly fetch manifest @vitejs/plugin-react@*
70 silly packumentCache full:https://registry.npmjs.org/@vitejs%2fplugin-react cache-miss
71 http fetch GET 200 https://registry.npmjs.org/@vitejs%2fplugin-react 50ms (cache miss)
72 silly packumentCache full:https://registry.npmjs.org/@vitejs%2fplugin-react set size:undefined disposed:false
73 silly fetch manifest react@*
74 silly packumentCache full:https://registry.npmjs.org/react cache-miss
75 http cache https://registry.npmjs.org/react 173ms (cache hit)
76 silly packumentCache full:https://registry.npmjs.org/react set size:6508025 disposed:false
77 silly fetch manifest react-dom@*
78 silly packumentCache full:https://registry.npmjs.org/react-dom cache-miss
79 http fetch GET 200 https://registry.npmjs.org/react-dom 161ms (cache miss)
80 silly packumentCache full:https://registry.npmjs.org/react-dom set size:undefined disposed:false
81 silly placeDep ROOT @vitejs/plugin-react@5.1.4 OK for: lit_kinjackson@1.0.0 want: *
82 silly placeDep ROOT vite@7.3.1 OK for: @vitejs/plugin-react@5.1.4 want: ^4.2.0 || ^5.0.0 || ^6.0.0 || ^7.0.0
83 silly placeDep ROOT firebase@12.9.0 REPLACE for: lit_kinjackson@1.0.0 want: ^12.9.0
84 silly placeDep ROOT react@19.2.4 OK for: lit_kinjackson@1.0.0 want: *
85 silly placeDep ROOT react-dom@19.2.4 OK for: lit_kinjackson@1.0.0 want: *
86 silly placeDep ROOT vite@7.3.1 REPLACE for: lit_kinjackson@1.0.0 want: *
87 silly fetch manifest @babel/core@^7.29.0
88 silly packumentCache full:https://registry.npmjs.org/@babel%2fcore cache-miss
89 http fetch GET 200 https://registry.npmjs.org/@babel%2fcore 48ms (cache miss)
90 silly packumentCache full:https://registry.npmjs.org/@babel%2fcore set size:undefined disposed:false
91 silly fetch manifest @babel/plugin-transform-react-jsx-self@^7.27.1
92 silly packumentCache full:https://registry.npmjs.org/@babel%2fplugin-transform-react-jsx-self cache-miss
93 http fetch GET 200 https://registry.npmjs.org/@babel%2fplugin-transform-react-jsx-self 49ms (cache miss)
94 silly packumentCache full:https://registry.npmjs.org/@babel%2fplugin-transform-react-jsx-self set size:undefined disposed:false
95 silly fetch manifest @babel/plugin-transform-react-jsx-source@^7.27.1
96 silly packumentCache full:https://registry.npmjs.org/@babel%2fplugin-transform-react-jsx-source cache-miss
97 http fetch GET 200 https://registry.npmjs.org/@babel%2fplugin-transform-react-jsx-source 42ms (cache miss)
98 silly packumentCache full:https://registry.npmjs.org/@babel%2fplugin-transform-react-jsx-source set size:undefined disposed:false
99 silly fetch manifest @rolldown/pluginutils@1.0.0-rc.3
100 silly packumentCache full:https://registry.npmjs.org/@rolldown%2fpluginutils cache-miss
101 http fetch GET 200 https://registry.npmjs.org/@rolldown%2fpluginutils 46ms (cache miss)
102 silly packumentCache full:https://registry.npmjs.org/@rolldown%2fpluginutils set size:undefined disposed:false
103 silly fetch manifest @types/babel__core@^7.20.5
104 silly packumentCache full:https://registry.npmjs.org/@types%2fbabel__core cache-miss
105 http fetch GET 200 https://registry.npmjs.org/@types%2fbabel__core 207ms (cache miss)
106 silly packumentCache full:https://registry.npmjs.org/@types%2fbabel__core set size:undefined disposed:false
107 silly fetch manifest react-refresh@^0.18.0
108 silly packumentCache full:https://registry.npmjs.org/react-refresh cache-miss
109 http fetch GET 200 https://registry.npmjs.org/react-refresh 141ms (cache miss)
110 silly packumentCache full:https://registry.npmjs.org/react-refresh set size:undefined disposed:false
111 silly fetch manifest fdir@^6.5.0
112 silly packumentCache full:https://registry.npmjs.org/fdir cache-miss
113 http fetch GET 200 https://registry.npmjs.org/fdir 31ms (cache miss)
114 silly packumentCache full:https://registry.npmjs.org/fdir set size:undefined disposed:false
115 silly fetch manifest rollup@^4.43.0
116 silly packumentCache full:https://registry.npmjs.org/rollup cache-miss
117 http fetch GET 200 https://registry.npmjs.org/rollup 113ms (cache miss)
118 silly packumentCache full:https://registry.npmjs.org/rollup set size:undefined disposed:false
119 silly fetch manifest esbuild@^0.27.0
120 silly packumentCache full:https://registry.npmjs.org/esbuild cache-miss
121 http fetch GET 200 https://registry.npmjs.org/esbuild 61ms (cache miss)
122 silly packumentCache full:https://registry.npmjs.org/esbuild set size:undefined disposed:false
123 silly fetch manifest postcss@^8.5.6
124 silly packumentCache full:https://registry.npmjs.org/postcss cache-miss
125 http cache https://registry.npmjs.org/postcss 6ms (cache hit)
126 silly packumentCache full:https://registry.npmjs.org/postcss set size:696248 disposed:false
127 silly fetch manifest picomatch@^4.0.3
128 silly packumentCache full:https://registry.npmjs.org/picomatch cache-miss
129 http fetch GET 200 https://registry.npmjs.org/picomatch 30ms (cache miss)
130 silly packumentCache full:https://registry.npmjs.org/picomatch set size:undefined disposed:false
131 silly fetch manifest tinyglobby@^0.2.15
132 silly packumentCache full:https://registry.npmjs.org/tinyglobby cache-miss
133 http fetch GET 200 https://registry.npmjs.org/tinyglobby 31ms (cache miss)
134 silly packumentCache full:https://registry.npmjs.org/tinyglobby set size:undefined disposed:false
135 silly fetch manifest fsevents@~2.3.3
136 silly packumentCache full:https://registry.npmjs.org/fsevents cache-miss
137 http fetch GET 200 https://registry.npmjs.org/fsevents 33ms (cache miss)
138 silly packumentCache full:https://registry.npmjs.org/fsevents set size:undefined disposed:false
139 silly fetch manifest scheduler@^0.27.0
140 silly packumentCache full:https://registry.npmjs.org/scheduler cache-miss
141 http fetch GET 200 https://registry.npmjs.org/scheduler 160ms (cache miss)
142 silly packumentCache full:https://registry.npmjs.org/scheduler set size:undefined disposed:false
143 silly placeDep ROOT @babel/core@7.29.0 OK for: @vitejs/plugin-react@5.1.4 want: ^7.29.0
144 silly placeDep ROOT @babel/plugin-transform-react-jsx-self@7.27.1 OK for: @vitejs/plugin-react@5.1.4 want: ^7.27.1
145 silly placeDep ROOT @babel/plugin-transform-react-jsx-source@7.27.1 OK for: @vitejs/plugin-react@5.1.4 want: ^7.27.1
146 silly placeDep ROOT @rolldown/pluginutils@1.0.0-rc.3 OK for: @vitejs/plugin-react@5.1.4 want: 1.0.0-rc.3
147 silly placeDep ROOT @types/babel__core@7.20.5 OK for: @vitejs/plugin-react@5.1.4 want: ^7.20.5
148 silly placeDep ROOT react-refresh@0.18.0 OK for: @vitejs/plugin-react@5.1.4 want: ^0.18.0
149 silly fetch manifest debug@^4.1.0
150 silly packumentCache full:https://registry.npmjs.org/debug cache-miss
151 http fetch GET 200 https://registry.npmjs.org/debug 70ms (cache miss)
152 silly packumentCache full:https://registry.npmjs.org/debug set size:undefined disposed:false
153 silly fetch manifest json5@^2.2.3
154 silly packumentCache full:https://registry.npmjs.org/json5 cache-miss
155 http fetch GET 200 https://registry.npmjs.org/json5 32ms (cache miss)
156 silly packumentCache full:https://registry.npmjs.org/json5 set size:undefined disposed:false
157 silly fetch manifest semver@^6.3.1
158 silly packumentCache full:https://registry.npmjs.org/semver cache-miss
159 http fetch GET 200 https://registry.npmjs.org/semver 30ms (cache miss)
160 silly packumentCache full:https://registry.npmjs.org/semver set size:undefined disposed:false
161 silly fetch manifest gensync@^1.0.0-beta.2
162 silly packumentCache full:https://registry.npmjs.org/gensync cache-miss
163 http fetch GET 200 https://registry.npmjs.org/gensync 34ms (cache miss)
164 silly packumentCache full:https://registry.npmjs.org/gensync set size:undefined disposed:false
165 silly fetch manifest @babel/types@^7.29.0
166 silly packumentCache full:https://registry.npmjs.org/@babel%2ftypes cache-miss
167 http fetch GET 200 https://registry.npmjs.org/@babel%2ftypes 38ms (cache miss)
168 silly packumentCache full:https://registry.npmjs.org/@babel%2ftypes set size:undefined disposed:false
169 silly fetch manifest @babel/parser@^7.29.0
170 silly packumentCache full:https://registry.npmjs.org/@babel%2fparser cache-miss
171 http fetch GET 200 https://registry.npmjs.org/@babel%2fparser 52ms (cache miss)
172 silly packumentCache full:https://registry.npmjs.org/@babel%2fparser set size:undefined disposed:false
173 silly fetch manifest @babel/helpers@^7.28.6
174 silly packumentCache full:https://registry.npmjs.org/@babel%2fhelpers cache-miss
175 http fetch GET 200 https://registry.npmjs.org/@babel%2fhelpers 39ms (cache miss)
176 silly packumentCache full:https://registry.npmjs.org/@babel%2fhelpers set size:undefined disposed:false
177 silly fetch manifest @babel/template@^7.28.6
178 silly packumentCache full:https://registry.npmjs.org/@babel%2ftemplate cache-miss
179 http fetch GET 200 https://registry.npmjs.org/@babel%2ftemplate 42ms (cache miss)
180 silly packumentCache full:https://registry.npmjs.org/@babel%2ftemplate set size:undefined disposed:false
181 silly fetch manifest @babel/traverse@^7.29.0
182 silly packumentCache full:https://registry.npmjs.org/@babel%2ftraverse cache-miss
183 http fetch GET 200 https://registry.npmjs.org/@babel%2ftraverse 45ms (cache miss)
184 silly packumentCache full:https://registry.npmjs.org/@babel%2ftraverse set size:undefined disposed:false
185 silly fetch manifest @babel/generator@^7.29.0
186 silly packumentCache full:https://registry.npmjs.org/@babel%2fgenerator cache-miss
187 http fetch GET 200 https://registry.npmjs.org/@babel%2fgenerator 42ms (cache miss)
188 silly packumentCache full:https://registry.npmjs.org/@babel%2fgenerator set size:undefined disposed:false
189 silly fetch manifest @babel/code-frame@^7.29.0
190 silly packumentCache full:https://registry.npmjs.org/@babel%2fcode-frame cache-miss
191 http fetch GET 200 https://registry.npmjs.org/@babel%2fcode-frame 46ms (cache miss)
192 silly packumentCache full:https://registry.npmjs.org/@babel%2fcode-frame set size:undefined disposed:false
193 silly fetch manifest convert-source-map@^2.0.0
194 silly packumentCache full:https://registry.npmjs.org/convert-source-map cache-miss
195 http fetch GET 200 https://registry.npmjs.org/convert-source-map 31ms (cache miss)
196 silly packumentCache full:https://registry.npmjs.org/convert-source-map set size:undefined disposed:false
197 silly fetch manifest @jridgewell/remapping@^2.3.5
198 silly packumentCache full:https://registry.npmjs.org/@jridgewell%2fremapping cache-miss
199 http fetch GET 200 https://registry.npmjs.org/@jridgewell%2fremapping 41ms (cache miss)
200 silly packumentCache full:https://registry.npmjs.org/@jridgewell%2fremapping set size:undefined disposed:false
201 silly fetch manifest @babel/helper-module-transforms@^7.28.6
202 silly packumentCache full:https://registry.npmjs.org/@babel%2fhelper-module-transforms cache-miss
203 http fetch GET 200 https://registry.npmjs.org/@babel%2fhelper-module-transforms 45ms (cache miss)
204 silly packumentCache full:https://registry.npmjs.org/@babel%2fhelper-module-transforms set size:undefined disposed:false
205 silly fetch manifest @babel/helper-compilation-targets@^7.28.6
206 silly packumentCache full:https://registry.npmjs.org/@babel%2fhelper-compilation-targets cache-miss
207 http fetch GET 200 https://registry.npmjs.org/@babel%2fhelper-compilation-targets 38ms (cache miss)
208 silly packumentCache full:https://registry.npmjs.org/@babel%2fhelper-compilation-targets set size:undefined disposed:false
209 silly fetch manifest @babel/helper-plugin-utils@^7.27.1
210 silly packumentCache full:https://registry.npmjs.org/@babel%2fhelper-plugin-utils cache-miss
211 http fetch GET 200 https://registry.npmjs.org/@babel%2fhelper-plugin-utils 39ms (cache miss)
212 silly packumentCache full:https://registry.npmjs.org/@babel%2fhelper-plugin-utils set size:undefined disposed:false
213 silly fetch manifest @babel/types@^7.20.7
214 silly packumentCache full:https://registry.npmjs.org/@babel%2ftypes cache-miss
215 http cache https://registry.npmjs.org/@babel%2ftypes 4ms (cache hit)
216 silly packumentCache full:https://registry.npmjs.org/@babel%2ftypes set size:485839 disposed:false
217 silly fetch manifest @babel/parser@^7.20.7
218 silly packumentCache full:https://registry.npmjs.org/@babel%2fparser cache-miss
219 http cache https://registry.npmjs.org/@babel%2fparser 5ms (cache hit)
220 silly packumentCache full:https://registry.npmjs.org/@babel%2fparser set size:714217 disposed:false
221 silly fetch manifest @types/babel__template@*
222 silly packumentCache full:https://registry.npmjs.org/@types%2fbabel__template cache-miss
223 http fetch GET 200 https://registry.npmjs.org/@types%2fbabel__template 47ms (cache miss)
224 silly packumentCache full:https://registry.npmjs.org/@types%2fbabel__template set size:undefined disposed:false
225 silly fetch manifest @types/babel__traverse@*
226 silly packumentCache full:https://registry.npmjs.org/@types%2fbabel__traverse cache-miss
227 http fetch GET 200 https://registry.npmjs.org/@types%2fbabel__traverse 38ms (cache miss)
228 silly packumentCache full:https://registry.npmjs.org/@types%2fbabel__traverse set size:undefined disposed:false
229 silly fetch manifest @types/babel__generator@*
230 silly packumentCache full:https://registry.npmjs.org/@types%2fbabel__generator cache-miss
231 http fetch GET 200 https://registry.npmjs.org/@types%2fbabel__generator 37ms (cache miss)
232 silly packumentCache full:https://registry.npmjs.org/@types%2fbabel__generator set size:undefined disposed:false
233 silly fetch manifest @babel/core@^7.0.0
234 silly packumentCache full:https://registry.npmjs.org/@babel%2fcore cache-miss
235 http cache https://registry.npmjs.org/@babel%2fcore 5ms (cache hit)
236 silly packumentCache full:https://registry.npmjs.org/@babel%2fcore set size:756140 disposed:false
237 silly placeDep ROOT @babel/code-frame@7.29.0 OK for: @babel/core@7.29.0 want: ^7.29.0
238 silly placeDep ROOT @babel/generator@7.29.1 OK for: @babel/core@7.29.0 want: ^7.29.0
239 silly placeDep ROOT @babel/helper-compilation-targets@7.28.6 OK for: @babel/core@7.29.0 want: ^7.28.6
240 silly placeDep ROOT @babel/helper-module-transforms@7.28.6 OK for: @babel/core@7.29.0 want: ^7.28.6
241 silly placeDep ROOT @babel/helpers@7.28.6 OK for: @babel/core@7.29.0 want: ^7.28.6
242 silly placeDep ROOT @babel/parser@7.29.0 OK for: @babel/core@7.29.0 want: ^7.29.0
243 silly placeDep ROOT @babel/template@7.28.6 OK for: @babel/core@7.29.0 want: ^7.28.6
244 silly placeDep ROOT @babel/traverse@7.29.0 OK for: @babel/core@7.29.0 want: ^7.29.0
245 silly placeDep ROOT @babel/types@7.29.0 OK for: @babel/core@7.29.0 want: ^7.29.0
246 silly placeDep ROOT @jridgewell/remapping@2.3.5 OK for: @babel/core@7.29.0 want: ^2.3.5
247 silly placeDep ROOT convert-source-map@2.0.0 OK for: @babel/core@7.29.0 want: ^2.0.0
248 silly placeDep ROOT debug@4.4.3 OK for: @babel/core@7.29.0 want: ^4.1.0
249 silly placeDep ROOT gensync@1.0.0-beta.2 OK for: @babel/core@7.29.0 want: ^1.0.0-beta.2
250 silly placeDep ROOT json5@2.2.3 OK for: @babel/core@7.29.0 want: ^2.2.3
251 silly placeDep ROOT semver@6.3.1 OK for: @babel/core@7.29.0 want: ^6.3.1
252 silly fetch manifest js-tokens@^4.0.0
253 silly packumentCache full:https://registry.npmjs.org/js-tokens cache-miss
254 http fetch GET 200 https://registry.npmjs.org/js-tokens 45ms (cache miss)
255 silly packumentCache full:https://registry.npmjs.org/js-tokens set size:undefined disposed:false
256 silly fetch manifest picocolors@^1.1.1
257 silly packumentCache full:https://registry.npmjs.org/picocolors cache-miss
258 http fetch GET 200 https://registry.npmjs.org/picocolors 29ms (cache miss)
259 silly packumentCache full:https://registry.npmjs.org/picocolors set size:undefined disposed:false
260 silly fetch manifest @babel/helper-validator-identifier@^7.28.5
261 silly packumentCache full:https://registry.npmjs.org/@babel%2fhelper-validator-identifier cache-miss
262 http fetch GET 200 https://registry.npmjs.org/@babel%2fhelper-validator-identifier 36ms (cache miss)
263 silly packumentCache full:https://registry.npmjs.org/@babel%2fhelper-validator-identifier set size:undefined disposed:false
264 silly fetch manifest jsesc@^3.0.2
265 silly packumentCache full:https://registry.npmjs.org/jsesc cache-miss
266 http fetch GET 200 https://registry.npmjs.org/jsesc 28ms (cache miss)
267 silly packumentCache full:https://registry.npmjs.org/jsesc set size:undefined disposed:false
268 silly fetch manifest @jridgewell/gen-mapping@^0.3.12
269 silly packumentCache full:https://registry.npmjs.org/@jridgewell%2fgen-mapping cache-miss
270 http fetch GET 200 https://registry.npmjs.org/@jridgewell%2fgen-mapping 50ms (cache miss)
271 silly packumentCache full:https://registry.npmjs.org/@jridgewell%2fgen-mapping set size:undefined disposed:false
272 silly fetch manifest @jridgewell/trace-mapping@^0.3.28
273 silly packumentCache full:https://registry.npmjs.org/@jridgewell%2ftrace-mapping cache-miss
274 http fetch GET 200 https://registry.npmjs.org/@jridgewell%2ftrace-mapping 45ms (cache miss)
275 silly packumentCache full:https://registry.npmjs.org/@jridgewell%2ftrace-mapping set size:undefined disposed:false
276 silly fetch manifest lru-cache@^5.1.1
277 silly packumentCache full:https://registry.npmjs.org/lru-cache cache-miss
278 http fetch GET 200 https://registry.npmjs.org/lru-cache 37ms (cache miss)
279 silly packumentCache full:https://registry.npmjs.org/lru-cache set size:undefined disposed:false
280 silly fetch manifest browserslist@^4.24.0
281 silly packumentCache full:https://registry.npmjs.org/browserslist cache-miss
282 http fetch GET 200 https://registry.npmjs.org/browserslist 37ms (cache miss)
283 silly packumentCache full:https://registry.npmjs.org/browserslist set size:undefined disposed:false
284 silly fetch manifest @babel/compat-data@^7.28.6
285 silly packumentCache full:https://registry.npmjs.org/@babel%2fcompat-data cache-miss
286 http fetch GET 200 https://registry.npmjs.org/@babel%2fcompat-data 39ms (cache miss)
287 silly packumentCache full:https://registry.npmjs.org/@babel%2fcompat-data set size:undefined disposed:false
288 silly fetch manifest @babel/helper-validator-option@^7.27.1
289 silly packumentCache full:https://registry.npmjs.org/@babel%2fhelper-validator-option cache-miss
290 http fetch GET 200 https://registry.npmjs.org/@babel%2fhelper-validator-option 39ms (cache miss)
291 silly packumentCache full:https://registry.npmjs.org/@babel%2fhelper-validator-option set size:undefined disposed:false
292 silly fetch manifest @babel/traverse@^7.28.6
293 silly packumentCache full:https://registry.npmjs.org/@babel%2ftraverse cache-miss
294 http cache https://registry.npmjs.org/@babel%2ftraverse 4ms (cache hit)
295 silly packumentCache full:https://registry.npmjs.org/@babel%2ftraverse set size:546499 disposed:false
296 silly fetch manifest @babel/helper-module-imports@^7.28.6
297 silly packumentCache full:https://registry.npmjs.org/@babel%2fhelper-module-imports cache-miss
298 http fetch GET 200 https://registry.npmjs.org/@babel%2fhelper-module-imports 45ms (cache miss)
299 silly packumentCache full:https://registry.npmjs.org/@babel%2fhelper-module-imports set size:undefined disposed:false
300 silly fetch manifest @babel/types@^7.28.6
301 silly packumentCache full:https://registry.npmjs.org/@babel%2ftypes cache-hit
302 silly fetch manifest debug@^4.3.1
303 silly packumentCache full:https://registry.npmjs.org/debug cache-miss
304 http cache https://registry.npmjs.org/debug 4ms (cache hit)
305 silly packumentCache full:https://registry.npmjs.org/debug set size:195840 disposed:false
306 silly fetch manifest @babel/helper-globals@^7.28.0
307 silly packumentCache full:https://registry.npmjs.org/@babel%2fhelper-globals cache-miss
308 http fetch GET 200 https://registry.npmjs.org/@babel%2fhelper-globals 37ms (cache miss)
309 silly packumentCache full:https://registry.npmjs.org/@babel%2fhelper-globals set size:undefined disposed:false
310 silly fetch manifest @babel/helper-string-parser@^7.27.1
311 silly packumentCache full:https://registry.npmjs.org/@babel%2fhelper-string-parser cache-miss
312 http fetch GET 200 https://registry.npmjs.org/@babel%2fhelper-string-parser 47ms (cache miss)
313 silly packumentCache full:https://registry.npmjs.org/@babel%2fhelper-string-parser set size:undefined disposed:false
314 silly fetch manifest @jridgewell/gen-mapping@^0.3.5
315 silly packumentCache full:https://registry.npmjs.org/@jridgewell%2fgen-mapping cache-miss
316 http cache https://registry.npmjs.org/@jridgewell%2fgen-mapping 3ms (cache hit)
317 silly packumentCache full:https://registry.npmjs.org/@jridgewell%2fgen-mapping set size:80719 disposed:false
318 silly fetch manifest @jridgewell/trace-mapping@^0.3.24
319 silly packumentCache full:https://registry.npmjs.org/@jridgewell%2ftrace-mapping cache-miss
320 http cache https://registry.npmjs.org/@jridgewell%2ftrace-mapping 35ms (cache hit)
321 silly packumentCache full:https://registry.npmjs.org/@jridgewell%2ftrace-mapping set size:170909 disposed:false
322 silly fetch manifest ms@^2.1.3
323 silly packumentCache full:https://registry.npmjs.org/ms cache-miss
324 http fetch GET 200 https://registry.npmjs.org/ms 33ms (cache miss)
325 silly packumentCache full:https://registry.npmjs.org/ms set size:undefined disposed:false
326 silly placeDep ROOT @babel/helper-validator-identifier@7.28.5 OK for: @babel/code-frame@7.29.0 want: ^7.28.5
327 silly placeDep ROOT js-tokens@4.0.0 OK for: @babel/code-frame@7.29.0 want: ^4.0.0
328 silly placeDep ROOT picocolors@1.1.1 OK for: @babel/code-frame@7.29.0 want: ^1.1.1
329 silly placeDep ROOT @jridgewell/gen-mapping@0.3.13 OK for: @babel/generator@7.29.1 want: ^0.3.12
330 silly placeDep ROOT @jridgewell/trace-mapping@0.3.31 OK for: @babel/generator@7.29.1 want: ^0.3.28
331 silly placeDep ROOT jsesc@3.1.0 OK for: @babel/generator@7.29.1 want: ^3.0.2
332 silly fetch manifest @jridgewell/sourcemap-codec@^1.5.0
333 silly packumentCache full:https://registry.npmjs.org/@jridgewell%2fsourcemap-codec cache-miss
334 http fetch GET 200 https://registry.npmjs.org/@jridgewell%2fsourcemap-codec 52ms (cache miss)
335 silly packumentCache full:https://registry.npmjs.org/@jridgewell%2fsourcemap-codec set size:undefined disposed:false
336 silly fetch manifest @jridgewell/resolve-uri@^3.1.0
337 silly packumentCache full:https://registry.npmjs.org/@jridgewell%2fresolve-uri cache-miss
338 http fetch GET 200 https://registry.npmjs.org/@jridgewell%2fresolve-uri 51ms (cache miss)
339 silly packumentCache full:https://registry.npmjs.org/@jridgewell%2fresolve-uri set size:undefined disposed:false
340 silly fetch manifest @jridgewell/sourcemap-codec@^1.4.14
341 silly packumentCache full:https://registry.npmjs.org/@jridgewell%2fsourcemap-codec cache-miss
342 http cache https://registry.npmjs.org/@jridgewell%2fsourcemap-codec 3ms (cache hit)
343 silly packumentCache full:https://registry.npmjs.org/@jridgewell%2fsourcemap-codec set size:59275 disposed:false
344 silly placeDep ROOT @babel/compat-data@7.29.0 OK for: @babel/helper-compilation-targets@7.28.6 want: ^7.28.6
345 silly placeDep ROOT @babel/helper-validator-option@7.27.1 OK for: @babel/helper-compilation-targets@7.28.6 want: ^7.27.1
346 silly placeDep ROOT browserslist@4.28.1 OK for: @babel/helper-compilation-targets@7.28.6 want: ^4.24.0
347 silly placeDep ROOT lru-cache@5.1.1 OK for: @babel/helper-compilation-targets@7.28.6 want: ^5.1.1
348 silly fetch manifest baseline-browser-mapping@^2.9.0
349 silly packumentCache full:https://registry.npmjs.org/baseline-browser-mapping cache-miss
350 http fetch GET 200 https://registry.npmjs.org/baseline-browser-mapping 37ms (cache miss)
351 silly packumentCache full:https://registry.npmjs.org/baseline-browser-mapping set size:undefined disposed:false
352 silly fetch manifest caniuse-lite@^1.0.30001759
353 silly packumentCache full:https://registry.npmjs.org/caniuse-lite cache-miss
354 http fetch GET 200 https://registry.npmjs.org/caniuse-lite 61ms (cache miss)
355 silly packumentCache full:https://registry.npmjs.org/caniuse-lite set size:undefined disposed:false
356 silly fetch manifest electron-to-chromium@^1.5.263
357 silly packumentCache full:https://registry.npmjs.org/electron-to-chromium cache-miss
358 http fetch GET 200 https://registry.npmjs.org/electron-to-chromium 112ms (cache miss)
359 silly packumentCache full:https://registry.npmjs.org/electron-to-chromium set size:undefined disposed:false
360 silly fetch manifest node-releases@^2.0.27
361 silly packumentCache full:https://registry.npmjs.org/node-releases cache-miss
362 http fetch GET 200 https://registry.npmjs.org/node-releases 48ms (cache miss)
363 silly packumentCache full:https://registry.npmjs.org/node-releases set size:undefined disposed:false
364 silly fetch manifest update-browserslist-db@^1.2.0
365 silly packumentCache full:https://registry.npmjs.org/update-browserslist-db cache-miss
366 http fetch GET 200 https://registry.npmjs.org/update-browserslist-db 34ms (cache miss)
367 silly packumentCache full:https://registry.npmjs.org/update-browserslist-db set size:undefined disposed:false
368 silly fetch manifest yallist@^3.0.2
369 silly packumentCache full:https://registry.npmjs.org/yallist cache-miss
370 http fetch GET 200 https://registry.npmjs.org/yallist 28ms (cache miss)
371 silly packumentCache full:https://registry.npmjs.org/yallist set size:undefined disposed:false
372 silly placeDep ROOT @babel/helper-module-imports@7.28.6 OK for: @babel/helper-module-transforms@7.28.6 want: ^7.28.6
373 silly placeDep ROOT @babel/helper-plugin-utils@7.28.6 OK for: @babel/plugin-transform-react-jsx-self@7.27.1 want: ^7.27.1
374 silly placeDep ROOT @babel/helper-globals@7.28.0 OK for: @babel/traverse@7.29.0 want: ^7.28.0
375 silly placeDep ROOT @babel/helper-string-parser@7.27.1 OK for: @babel/types@7.29.0 want: ^7.27.1
376 silly placeDep ROOT @jridgewell/sourcemap-codec@1.5.5 OK for: @jridgewell/gen-mapping@0.3.13 want: ^1.5.0
377 silly placeDep ROOT @jridgewell/resolve-uri@3.1.2 OK for: @jridgewell/trace-mapping@0.3.31 want: ^3.1.0
378 silly placeDep ROOT @types/babel__generator@7.27.0 OK for: @types/babel__core@7.20.5 want: *
379 silly placeDep ROOT @types/babel__template@7.4.4 OK for: @types/babel__core@7.20.5 want: *
380 silly placeDep ROOT @types/babel__traverse@7.28.0 OK for: @types/babel__core@7.20.5 want: *
381 silly fetch manifest browserslist@>= 4.21.0
382 silly packumentCache full:https://registry.npmjs.org/browserslist cache-miss
383 http cache https://registry.npmjs.org/browserslist 4ms (cache hit)
384 silly packumentCache full:https://registry.npmjs.org/browserslist set size:502989 disposed:false
385 silly placeDep ROOT baseline-browser-mapping@2.10.0 OK for: browserslist@4.28.1 want: ^2.9.0
386 silly placeDep ROOT caniuse-lite@1.0.30001770 OK for: browserslist@4.28.1 want: ^1.0.30001759
387 silly placeDep ROOT electron-to-chromium@1.5.302 OK for: browserslist@4.28.1 want: ^1.5.263
388 silly placeDep ROOT node-releases@2.0.27 OK for: browserslist@4.28.1 want: ^2.0.27
389 silly placeDep ROOT update-browserslist-db@1.2.3 OK for: browserslist@4.28.1 want: ^1.2.0
390 silly placeDep ROOT ms@2.1.3 OK for: debug@4.4.3 want: ^2.1.3
391 silly placeDep ROOT yallist@3.1.1 OK for: lru-cache@5.1.1 want: ^3.0.2
392 silly placeDep ROOT scheduler@0.27.0 OK for: react-dom@19.2.4 want: ^0.27.0
393 silly placeDep ROOT esbuild@0.27.3 OK for: vite@7.3.1 want: ^0.27.0
394 silly placeDep ROOT fdir@6.5.0 OK for: vite@7.3.1 want: ^6.5.0
395 silly placeDep ROOT fsevents@2.3.3 OK for: vite@7.3.1 want: ~2.3.3
396 silly placeDep ROOT picomatch@4.0.3 OK for: vite@7.3.1 want: ^4.0.3
397 silly placeDep ROOT postcss@8.5.6 OK for: vite@7.3.1 want: ^8.5.6
398 silly placeDep ROOT rollup@4.58.0 OK for: vite@7.3.1 want: ^4.43.0
399 silly placeDep ROOT tinyglobby@0.2.15 OK for: vite@7.3.1 want: ^0.2.15
400 silly fetch manifest @esbuild/aix-ppc64@0.27.3
401 silly packumentCache full:https://registry.npmjs.org/@esbuild%2faix-ppc64 cache-miss
402 http fetch GET 200 https://registry.npmjs.org/@esbuild%2faix-ppc64 51ms (cache miss)
403 silly packumentCache full:https://registry.npmjs.org/@esbuild%2faix-ppc64 set size:undefined disposed:false
404 silly fetch manifest @esbuild/android-arm@0.27.3
405 silly packumentCache full:https://registry.npmjs.org/@esbuild%2fandroid-arm cache-miss
406 http fetch GET 200 https://registry.npmjs.org/@esbuild%2fandroid-arm 51ms (cache miss)
407 silly packumentCache full:https://registry.npmjs.org/@esbuild%2fandroid-arm set size:undefined disposed:false
408 silly fetch manifest @esbuild/android-arm64@0.27.3
409 silly packumentCache full:https://registry.npmjs.org/@esbuild%2fandroid-arm64 cache-miss
410 http fetch GET 200 https://registry.npmjs.org/@esbuild%2fandroid-arm64 52ms (cache miss)
411 silly packumentCache full:https://registry.npmjs.org/@esbuild%2fandroid-arm64 set size:undefined disposed:false
412 silly fetch manifest @esbuild/android-x64@0.27.3
413 silly packumentCache full:https://registry.npmjs.org/@esbuild%2fandroid-x64 cache-miss
414 http fetch GET 200 https://registry.npmjs.org/@esbuild%2fandroid-x64 46ms (cache miss)
415 silly packumentCache full:https://registry.npmjs.org/@esbuild%2fandroid-x64 set size:undefined disposed:false
416 silly fetch manifest @esbuild/darwin-arm64@0.27.3
417 silly packumentCache full:https://registry.npmjs.org/@esbuild%2fdarwin-arm64 cache-miss
418 http fetch GET 200 https://registry.npmjs.org/@esbuild%2fdarwin-arm64 42ms (cache miss)
419 silly packumentCache full:https://registry.npmjs.org/@esbuild%2fdarwin-arm64 set size:undefined disposed:false
420 silly fetch manifest @esbuild/darwin-x64@0.27.3
421 silly packumentCache full:https://registry.npmjs.org/@esbuild%2fdarwin-x64 cache-miss
422 http fetch GET 200 https://registry.npmjs.org/@esbuild%2fdarwin-x64 62ms (cache miss)
423 silly packumentCache full:https://registry.npmjs.org/@esbuild%2fdarwin-x64 set size:undefined disposed:false
424 silly fetch manifest @esbuild/freebsd-arm64@0.27.3
425 silly packumentCache full:https://registry.npmjs.org/@esbuild%2ffreebsd-arm64 cache-miss
426 http fetch GET 200 https://registry.npmjs.org/@esbuild%2ffreebsd-arm64 43ms (cache miss)
427 silly packumentCache full:https://registry.npmjs.org/@esbuild%2ffreebsd-arm64 set size:undefined disposed:false
428 silly fetch manifest @esbuild/freebsd-x64@0.27.3
429 silly packumentCache full:https://registry.npmjs.org/@esbuild%2ffreebsd-x64 cache-miss
430 http fetch GET 200 https://registry.npmjs.org/@esbuild%2ffreebsd-x64 46ms (cache miss)
431 silly packumentCache full:https://registry.npmjs.org/@esbuild%2ffreebsd-x64 set size:undefined disposed:false
432 silly fetch manifest @esbuild/linux-arm@0.27.3
433 silly packumentCache full:https://registry.npmjs.org/@esbuild%2flinux-arm cache-miss
434 http fetch GET 200 https://registry.npmjs.org/@esbuild%2flinux-arm 44ms (cache miss)
435 silly packumentCache full:https://registry.npmjs.org/@esbuild%2flinux-arm set size:undefined disposed:false
436 silly fetch manifest @esbuild/linux-arm64@0.27.3
437 silly packumentCache full:https://registry.npmjs.org/@esbuild%2flinux-arm64 cache-miss
438 http fetch GET 200 https://registry.npmjs.org/@esbuild%2flinux-arm64 47ms (cache miss)
439 silly packumentCache full:https://registry.npmjs.org/@esbuild%2flinux-arm64 set size:undefined disposed:false
440 silly fetch manifest @esbuild/linux-ia32@0.27.3
441 silly packumentCache full:https://registry.npmjs.org/@esbuild%2flinux-ia32 cache-miss
442 http fetch GET 200 https://registry.npmjs.org/@esbuild%2flinux-ia32 47ms (cache miss)
443 silly packumentCache full:https://registry.npmjs.org/@esbuild%2flinux-ia32 set size:undefined disposed:false
444 silly fetch manifest @esbuild/linux-loong64@0.27.3
445 silly packumentCache full:https://registry.npmjs.org/@esbuild%2flinux-loong64 cache-miss
446 http fetch GET 200 https://registry.npmjs.org/@esbuild%2flinux-loong64 52ms (cache miss)
447 silly packumentCache full:https://registry.npmjs.org/@esbuild%2flinux-loong64 set size:undefined disposed:false
448 silly fetch manifest @esbuild/linux-mips64el@0.27.3
449 silly packumentCache full:https://registry.npmjs.org/@esbuild%2flinux-mips64el cache-miss
450 http fetch GET 200 https://registry.npmjs.org/@esbuild%2flinux-mips64el 42ms (cache miss)
451 silly packumentCache full:https://registry.npmjs.org/@esbuild%2flinux-mips64el set size:undefined disposed:false
452 silly fetch manifest @esbuild/linux-ppc64@0.27.3
453 silly packumentCache full:https://registry.npmjs.org/@esbuild%2flinux-ppc64 cache-miss
454 http fetch GET 200 https://registry.npmjs.org/@esbuild%2flinux-ppc64 47ms (cache miss)
455 silly packumentCache full:https://registry.npmjs.org/@esbuild%2flinux-ppc64 set size:undefined disposed:false
456 silly fetch manifest @esbuild/linux-riscv64@0.27.3
457 silly packumentCache full:https://registry.npmjs.org/@esbuild%2flinux-riscv64 cache-miss
458 http fetch GET 200 https://registry.npmjs.org/@esbuild%2flinux-riscv64 62ms (cache miss)
459 silly packumentCache full:https://registry.npmjs.org/@esbuild%2flinux-riscv64 set size:undefined disposed:false
460 silly fetch manifest @esbuild/linux-s390x@0.27.3
461 silly packumentCache full:https://registry.npmjs.org/@esbuild%2flinux-s390x cache-miss
462 http fetch GET 200 https://registry.npmjs.org/@esbuild%2flinux-s390x 48ms (cache miss)
463 silly packumentCache full:https://registry.npmjs.org/@esbuild%2flinux-s390x set size:undefined disposed:false
464 silly fetch manifest @esbuild/linux-x64@0.27.3
465 silly packumentCache full:https://registry.npmjs.org/@esbuild%2flinux-x64 cache-miss
466 http fetch GET 200 https://registry.npmjs.org/@esbuild%2flinux-x64 47ms (cache miss)
467 silly packumentCache full:https://registry.npmjs.org/@esbuild%2flinux-x64 set size:undefined disposed:false
468 silly fetch manifest @esbuild/netbsd-arm64@0.27.3
469 silly packumentCache full:https://registry.npmjs.org/@esbuild%2fnetbsd-arm64 cache-miss
470 http fetch GET 200 https://registry.npmjs.org/@esbuild%2fnetbsd-arm64 62ms (cache miss)
471 silly packumentCache full:https://registry.npmjs.org/@esbuild%2fnetbsd-arm64 set size:undefined disposed:false
472 silly fetch manifest @esbuild/netbsd-x64@0.27.3
473 silly packumentCache full:https://registry.npmjs.org/@esbuild%2fnetbsd-x64 cache-miss
474 http fetch GET 200 https://registry.npmjs.org/@esbuild%2fnetbsd-x64 44ms (cache miss)
475 silly packumentCache full:https://registry.npmjs.org/@esbuild%2fnetbsd-x64 set size:undefined disposed:false
476 silly fetch manifest @esbuild/openbsd-arm64@0.27.3
477 silly packumentCache full:https://registry.npmjs.org/@esbuild%2fopenbsd-arm64 cache-miss
478 http fetch GET 200 https://registry.npmjs.org/@esbuild%2fopenbsd-arm64 46ms (cache miss)
479 silly packumentCache full:https://registry.npmjs.org/@esbuild%2fopenbsd-arm64 set size:undefined disposed:false
480 silly fetch manifest @esbuild/openbsd-x64@0.27.3
481 silly packumentCache full:https://registry.npmjs.org/@esbuild%2fopenbsd-x64 cache-miss
482 http fetch GET 200 https://registry.npmjs.org/@esbuild%2fopenbsd-x64 57ms (cache miss)
483 silly packumentCache full:https://registry.npmjs.org/@esbuild%2fopenbsd-x64 set size:undefined disposed:false
484 silly fetch manifest @esbuild/openharmony-arm64@0.27.3
485 silly packumentCache full:https://registry.npmjs.org/@esbuild%2fopenharmony-arm64 cache-miss
486 http fetch GET 200 https://registry.npmjs.org/@esbuild%2fopenharmony-arm64 58ms (cache miss)
487 silly packumentCache full:https://registry.npmjs.org/@esbuild%2fopenharmony-arm64 set size:undefined disposed:false
488 silly fetch manifest @esbuild/sunos-x64@0.27.3
489 silly packumentCache full:https://registry.npmjs.org/@esbuild%2fsunos-x64 cache-miss
490 http fetch GET 200 https://registry.npmjs.org/@esbuild%2fsunos-x64 81ms (cache miss)
491 silly packumentCache full:https://registry.npmjs.org/@esbuild%2fsunos-x64 set size:undefined disposed:false
492 silly fetch manifest @esbuild/win32-arm64@0.27.3
493 silly packumentCache full:https://registry.npmjs.org/@esbuild%2fwin32-arm64 cache-miss
494 http fetch GET 200 https://registry.npmjs.org/@esbuild%2fwin32-arm64 61ms (cache miss)
495 silly packumentCache full:https://registry.npmjs.org/@esbuild%2fwin32-arm64 set size:undefined disposed:false
496 silly fetch manifest @esbuild/win32-ia32@0.27.3
497 silly packumentCache full:https://registry.npmjs.org/@esbuild%2fwin32-ia32 cache-miss
498 http fetch GET 200 https://registry.npmjs.org/@esbuild%2fwin32-ia32 47ms (cache miss)
499 silly packumentCache full:https://registry.npmjs.org/@esbuild%2fwin32-ia32 set size:undefined disposed:false
500 silly fetch manifest @esbuild/win32-x64@0.27.3
501 silly packumentCache full:https://registry.npmjs.org/@esbuild%2fwin32-x64 cache-miss
502 http fetch GET 200 https://registry.npmjs.org/@esbuild%2fwin32-x64 56ms (cache miss)
503 silly packumentCache full:https://registry.npmjs.org/@esbuild%2fwin32-x64 set size:undefined disposed:false
504 silly fetch manifest nanoid@^3.3.11
505 silly packumentCache full:https://registry.npmjs.org/nanoid cache-miss
506 http fetch GET 200 https://registry.npmjs.org/nanoid 40ms (cache miss)
507 silly packumentCache full:https://registry.npmjs.org/nanoid set size:undefined disposed:false
508 silly fetch manifest source-map-js@^1.2.1
509 silly packumentCache full:https://registry.npmjs.org/source-map-js cache-miss
510 http fetch GET 200 https://registry.npmjs.org/source-map-js 29ms (cache miss)
511 silly packumentCache full:https://registry.npmjs.org/source-map-js set size:undefined disposed:false
512 silly fetch manifest @types/estree@1.0.8
513 silly packumentCache full:https://registry.npmjs.org/@types%2festree cache-miss
514 http fetch GET 200 https://registry.npmjs.org/@types%2festree 39ms (cache miss)
515 silly packumentCache full:https://registry.npmjs.org/@types%2festree set size:undefined disposed:false
516 silly fetch manifest @rollup/rollup-darwin-arm64@4.58.0
517 silly packumentCache full:https://registry.npmjs.org/@rollup%2frollup-darwin-arm64 cache-miss
518 http fetch GET 200 https://registry.npmjs.org/@rollup%2frollup-darwin-arm64 50ms (cache miss)
519 silly packumentCache full:https://registry.npmjs.org/@rollup%2frollup-darwin-arm64 set size:undefined disposed:false
520 silly fetch manifest @rollup/rollup-android-arm64@4.58.0
521 silly packumentCache full:https://registry.npmjs.org/@rollup%2frollup-android-arm64 cache-miss
522 http fetch GET 200 https://registry.npmjs.org/@rollup%2frollup-android-arm64 45ms (cache miss)
523 silly packumentCache full:https://registry.npmjs.org/@rollup%2frollup-android-arm64 set size:undefined disposed:false
524 silly fetch manifest @rollup/rollup-win32-arm64-msvc@4.58.0
525 silly packumentCache full:https://registry.npmjs.org/@rollup%2frollup-win32-arm64-msvc cache-miss
526 http fetch GET 200 https://registry.npmjs.org/@rollup%2frollup-win32-arm64-msvc 52ms (cache miss)
527 silly packumentCache full:https://registry.npmjs.org/@rollup%2frollup-win32-arm64-msvc set size:undefined disposed:false
528 silly fetch manifest @rollup/rollup-freebsd-arm64@4.58.0
529 silly packumentCache full:https://registry.npmjs.org/@rollup%2frollup-freebsd-arm64 cache-miss
530 http fetch GET 200 https://registry.npmjs.org/@rollup%2frollup-freebsd-arm64 46ms (cache miss)
531 silly packumentCache full:https://registry.npmjs.org/@rollup%2frollup-freebsd-arm64 set size:undefined disposed:false
532 silly fetch manifest @rollup/rollup-linux-arm64-gnu@4.58.0
533 silly packumentCache full:https://registry.npmjs.org/@rollup%2frollup-linux-arm64-gnu cache-miss
534 http fetch GET 200 https://registry.npmjs.org/@rollup%2frollup-linux-arm64-gnu 46ms (cache miss)
535 silly packumentCache full:https://registry.npmjs.org/@rollup%2frollup-linux-arm64-gnu set size:undefined disposed:false
536 silly fetch manifest @rollup/rollup-linux-arm64-musl@4.58.0
537 silly packumentCache full:https://registry.npmjs.org/@rollup%2frollup-linux-arm64-musl cache-miss
538 http fetch GET 200 https://registry.npmjs.org/@rollup%2frollup-linux-arm64-musl 46ms (cache miss)
539 silly packumentCache full:https://registry.npmjs.org/@rollup%2frollup-linux-arm64-musl set size:undefined disposed:false
540 silly fetch manifest @rollup/rollup-android-arm-eabi@4.58.0
541 silly packumentCache full:https://registry.npmjs.org/@rollup%2frollup-android-arm-eabi cache-miss
542 http fetch GET 200 https://registry.npmjs.org/@rollup%2frollup-android-arm-eabi 44ms (cache miss)
543 silly packumentCache full:https://registry.npmjs.org/@rollup%2frollup-android-arm-eabi set size:undefined disposed:false
544 silly fetch manifest @rollup/rollup-linux-arm-gnueabihf@4.58.0
545 silly packumentCache full:https://registry.npmjs.org/@rollup%2frollup-linux-arm-gnueabihf cache-miss
546 http fetch GET 200 https://registry.npmjs.org/@rollup%2frollup-linux-arm-gnueabihf 57ms (cache miss)
547 silly packumentCache full:https://registry.npmjs.org/@rollup%2frollup-linux-arm-gnueabihf set size:undefined disposed:false
548 silly fetch manifest @rollup/rollup-linux-arm-musleabihf@4.58.0
549 silly packumentCache full:https://registry.npmjs.org/@rollup%2frollup-linux-arm-musleabihf cache-miss
550 http fetch GET 200 https://registry.npmjs.org/@rollup%2frollup-linux-arm-musleabihf 43ms (cache miss)
551 silly packumentCache full:https://registry.npmjs.org/@rollup%2frollup-linux-arm-musleabihf set size:undefined disposed:false
552 silly fetch manifest @rollup/rollup-win32-ia32-msvc@4.58.0
553 silly packumentCache full:https://registry.npmjs.org/@rollup%2frollup-win32-ia32-msvc cache-miss
554 http fetch GET 200 https://registry.npmjs.org/@rollup%2frollup-win32-ia32-msvc 43ms (cache miss)
555 silly packumentCache full:https://registry.npmjs.org/@rollup%2frollup-win32-ia32-msvc set size:undefined disposed:false
556 silly fetch manifest @rollup/rollup-linux-loong64-gnu@4.58.0
557 silly packumentCache full:https://registry.npmjs.org/@rollup%2frollup-linux-loong64-gnu cache-miss
558 http fetch GET 200 https://registry.npmjs.org/@rollup%2frollup-linux-loong64-gnu 43ms (cache miss)
559 silly packumentCache full:https://registry.npmjs.org/@rollup%2frollup-linux-loong64-gnu set size:undefined disposed:false
560 silly fetch manifest @rollup/rollup-linux-loong64-musl@4.58.0
561 silly packumentCache full:https://registry.npmjs.org/@rollup%2frollup-linux-loong64-musl cache-miss
562 http fetch GET 200 https://registry.npmjs.org/@rollup%2frollup-linux-loong64-musl 49ms (cache miss)
563 silly packumentCache full:https://registry.npmjs.org/@rollup%2frollup-linux-loong64-musl set size:undefined disposed:false
564 silly fetch manifest @rollup/rollup-linux-riscv64-gnu@4.58.0
565 silly packumentCache full:https://registry.npmjs.org/@rollup%2frollup-linux-riscv64-gnu cache-miss
566 http fetch GET 200 https://registry.npmjs.org/@rollup%2frollup-linux-riscv64-gnu 170ms (cache miss)
567 silly packumentCache full:https://registry.npmjs.org/@rollup%2frollup-linux-riscv64-gnu set size:undefined disposed:false
568 silly fetch manifest @rollup/rollup-linux-riscv64-musl@4.58.0
569 silly packumentCache full:https://registry.npmjs.org/@rollup%2frollup-linux-riscv64-musl cache-miss
570 http fetch GET 200 https://registry.npmjs.org/@rollup%2frollup-linux-riscv64-musl 46ms (cache miss)
571 silly packumentCache full:https://registry.npmjs.org/@rollup%2frollup-linux-riscv64-musl set size:undefined disposed:false
572 silly fetch manifest @rollup/rollup-linux-ppc64-gnu@4.58.0
573 silly packumentCache full:https://registry.npmjs.org/@rollup%2frollup-linux-ppc64-gnu cache-miss
574 http fetch GET 200 https://registry.npmjs.org/@rollup%2frollup-linux-ppc64-gnu 47ms (cache miss)
575 silly packumentCache full:https://registry.npmjs.org/@rollup%2frollup-linux-ppc64-gnu set size:undefined disposed:false
576 silly fetch manifest @rollup/rollup-linux-ppc64-musl@4.58.0
577 silly packumentCache full:https://registry.npmjs.org/@rollup%2frollup-linux-ppc64-musl cache-miss
578 http fetch GET 200 https://registry.npmjs.org/@rollup%2frollup-linux-ppc64-musl 43ms (cache miss)
579 silly packumentCache full:https://registry.npmjs.org/@rollup%2frollup-linux-ppc64-musl set size:undefined disposed:false
580 silly fetch manifest @rollup/rollup-linux-s390x-gnu@4.58.0
581 silly packumentCache full:https://registry.npmjs.org/@rollup%2frollup-linux-s390x-gnu cache-miss
582 http fetch GET 200 https://registry.npmjs.org/@rollup%2frollup-linux-s390x-gnu 48ms (cache miss)
583 silly packumentCache full:https://registry.npmjs.org/@rollup%2frollup-linux-s390x-gnu set size:undefined disposed:false
584 silly fetch manifest @rollup/rollup-darwin-x64@4.58.0
585 silly packumentCache full:https://registry.npmjs.org/@rollup%2frollup-darwin-x64 cache-miss
586 http fetch GET 200 https://registry.npmjs.org/@rollup%2frollup-darwin-x64 54ms (cache miss)
587 silly packumentCache full:https://registry.npmjs.org/@rollup%2frollup-darwin-x64 set size:undefined disposed:false
588 silly fetch manifest @rollup/rollup-win32-x64-gnu@4.58.0
589 silly packumentCache full:https://registry.npmjs.org/@rollup%2frollup-win32-x64-gnu cache-miss
590 http fetch GET 200 https://registry.npmjs.org/@rollup%2frollup-win32-x64-gnu 42ms (cache miss)
591 silly packumentCache full:https://registry.npmjs.org/@rollup%2frollup-win32-x64-gnu set size:undefined disposed:false
592 silly fetch manifest @rollup/rollup-win32-x64-msvc@4.58.0
593 silly packumentCache full:https://registry.npmjs.org/@rollup%2frollup-win32-x64-msvc cache-miss
594 http fetch GET 200 https://registry.npmjs.org/@rollup%2frollup-win32-x64-msvc 43ms (cache miss)
595 silly packumentCache full:https://registry.npmjs.org/@rollup%2frollup-win32-x64-msvc set size:undefined disposed:false
596 silly fetch manifest @rollup/rollup-freebsd-x64@4.58.0
597 silly packumentCache full:https://registry.npmjs.org/@rollup%2frollup-freebsd-x64 cache-miss
598 http fetch GET 200 https://registry.npmjs.org/@rollup%2frollup-freebsd-x64 41ms (cache miss)
599 silly packumentCache full:https://registry.npmjs.org/@rollup%2frollup-freebsd-x64 set size:undefined disposed:false
600 silly fetch manifest @rollup/rollup-linux-x64-gnu@4.58.0
601 silly packumentCache full:https://registry.npmjs.org/@rollup%2frollup-linux-x64-gnu cache-miss
602 http fetch GET 200 https://registry.npmjs.org/@rollup%2frollup-linux-x64-gnu 45ms (cache miss)
603 silly packumentCache full:https://registry.npmjs.org/@rollup%2frollup-linux-x64-gnu set size:undefined disposed:false
604 silly fetch manifest @rollup/rollup-linux-x64-musl@4.58.0
605 silly packumentCache full:https://registry.npmjs.org/@rollup%2frollup-linux-x64-musl cache-miss
606 http fetch GET 200 https://registry.npmjs.org/@rollup%2frollup-linux-x64-musl 48ms (cache miss)
607 silly packumentCache full:https://registry.npmjs.org/@rollup%2frollup-linux-x64-musl set size:undefined disposed:false
608 silly fetch manifest @rollup/rollup-openbsd-x64@4.58.0
609 silly packumentCache full:https://registry.npmjs.org/@rollup%2frollup-openbsd-x64 cache-miss
610 http fetch GET 200 https://registry.npmjs.org/@rollup%2frollup-openbsd-x64 541ms (cache miss)
611 silly packumentCache full:https://registry.npmjs.org/@rollup%2frollup-openbsd-x64 set size:undefined disposed:false
612 silly fetch manifest @rollup/rollup-openharmony-arm64@4.58.0
613 silly packumentCache full:https://registry.npmjs.org/@rollup%2frollup-openharmony-arm64 cache-miss
614 http fetch GET 200 https://registry.npmjs.org/@rollup%2frollup-openharmony-arm64 217ms (cache miss)
615 silly packumentCache full:https://registry.npmjs.org/@rollup%2frollup-openharmony-arm64 set size:undefined disposed:false
616 silly placeDep ROOT @esbuild/aix-ppc64@0.27.3 OK for: esbuild@0.27.3 want: 0.27.3
617 silly placeDep ROOT @esbuild/android-arm@0.27.3 OK for: esbuild@0.27.3 want: 0.27.3
618 silly placeDep ROOT @esbuild/android-arm64@0.27.3 OK for: esbuild@0.27.3 want: 0.27.3
619 silly placeDep ROOT @esbuild/android-x64@0.27.3 OK for: esbuild@0.27.3 want: 0.27.3
620 silly placeDep ROOT @esbuild/darwin-arm64@0.27.3 OK for: esbuild@0.27.3 want: 0.27.3
621 silly placeDep ROOT @esbuild/darwin-x64@0.27.3 OK for: esbuild@0.27.3 want: 0.27.3
622 silly placeDep ROOT @esbuild/freebsd-arm64@0.27.3 OK for: esbuild@0.27.3 want: 0.27.3
623 silly placeDep ROOT @esbuild/freebsd-x64@0.27.3 OK for: esbuild@0.27.3 want: 0.27.3
624 silly placeDep ROOT @esbuild/linux-arm@0.27.3 OK for: esbuild@0.27.3 want: 0.27.3
625 silly placeDep ROOT @esbuild/linux-arm64@0.27.3 OK for: esbuild@0.27.3 want: 0.27.3
626 silly placeDep ROOT @esbuild/linux-ia32@0.27.3 OK for: esbuild@0.27.3 want: 0.27.3
627 silly placeDep ROOT @esbuild/linux-loong64@0.27.3 OK for: esbuild@0.27.3 want: 0.27.3
628 silly placeDep ROOT @esbuild/linux-mips64el@0.27.3 OK for: esbuild@0.27.3 want: 0.27.3
629 silly placeDep ROOT @esbuild/linux-ppc64@0.27.3 OK for: esbuild@0.27.3 want: 0.27.3
630 silly placeDep ROOT @esbuild/linux-riscv64@0.27.3 OK for: esbuild@0.27.3 want: 0.27.3
631 silly placeDep ROOT @esbuild/linux-s390x@0.27.3 OK for: esbuild@0.27.3 want: 0.27.3
632 silly placeDep ROOT @esbuild/linux-x64@0.27.3 OK for: esbuild@0.27.3 want: 0.27.3
633 silly placeDep ROOT @esbuild/netbsd-arm64@0.27.3 OK for: esbuild@0.27.3 want: 0.27.3
634 silly placeDep ROOT @esbuild/netbsd-x64@0.27.3 OK for: esbuild@0.27.3 want: 0.27.3
635 silly placeDep ROOT @esbuild/openbsd-arm64@0.27.3 OK for: esbuild@0.27.3 want: 0.27.3
636 silly placeDep ROOT @esbuild/openbsd-x64@0.27.3 OK for: esbuild@0.27.3 want: 0.27.3
637 silly placeDep ROOT @esbuild/openharmony-arm64@0.27.3 OK for: esbuild@0.27.3 want: 0.27.3
638 silly placeDep ROOT @esbuild/sunos-x64@0.27.3 OK for: esbuild@0.27.3 want: 0.27.3
639 silly placeDep ROOT @esbuild/win32-arm64@0.27.3 OK for: esbuild@0.27.3 want: 0.27.3
640 silly placeDep ROOT @esbuild/win32-ia32@0.27.3 OK for: esbuild@0.27.3 want: 0.27.3
641 silly placeDep ROOT @esbuild/win32-x64@0.27.3 OK for: esbuild@0.27.3 want: 0.27.3
642 silly placeDep ROOT nanoid@3.3.11 OK for: postcss@8.5.6 want: ^3.3.11
643 silly placeDep ROOT source-map-js@1.2.1 OK for: postcss@8.5.6 want: ^1.2.1
644 silly placeDep ROOT @rollup/rollup-android-arm-eabi@4.58.0 OK for: rollup@4.58.0 want: 4.58.0
645 silly placeDep ROOT @rollup/rollup-android-arm64@4.58.0 OK for: rollup@4.58.0 want: 4.58.0
646 silly placeDep ROOT @rollup/rollup-darwin-arm64@4.58.0 OK for: rollup@4.58.0 want: 4.58.0
647 silly placeDep ROOT @rollup/rollup-darwin-x64@4.58.0 OK for: rollup@4.58.0 want: 4.58.0
648 silly placeDep ROOT @rollup/rollup-freebsd-arm64@4.58.0 OK for: rollup@4.58.0 want: 4.58.0
649 silly placeDep ROOT @rollup/rollup-freebsd-x64@4.58.0 OK for: rollup@4.58.0 want: 4.58.0
650 silly placeDep ROOT @rollup/rollup-linux-arm-gnueabihf@4.58.0 OK for: rollup@4.58.0 want: 4.58.0
651 silly placeDep ROOT @rollup/rollup-linux-arm-musleabihf@4.58.0 OK for: rollup@4.58.0 want: 4.58.0
652 silly placeDep ROOT @rollup/rollup-linux-arm64-gnu@4.58.0 OK for: rollup@4.58.0 want: 4.58.0
653 silly placeDep ROOT @rollup/rollup-linux-arm64-musl@4.58.0 OK for: rollup@4.58.0 want: 4.58.0
654 silly placeDep ROOT @rollup/rollup-linux-loong64-gnu@4.58.0 OK for: rollup@4.58.0 want: 4.58.0
655 silly placeDep ROOT @rollup/rollup-linux-loong64-musl@4.58.0 OK for: rollup@4.58.0 want: 4.58.0
656 silly placeDep ROOT @rollup/rollup-linux-ppc64-gnu@4.58.0 OK for: rollup@4.58.0 want: 4.58.0
657 silly placeDep ROOT @rollup/rollup-linux-ppc64-musl@4.58.0 OK for: rollup@4.58.0 want: 4.58.0
658 silly placeDep ROOT @rollup/rollup-linux-riscv64-gnu@4.58.0 OK for: rollup@4.58.0 want: 4.58.0
659 silly placeDep ROOT @rollup/rollup-linux-riscv64-musl@4.58.0 OK for: rollup@4.58.0 want: 4.58.0
660 silly placeDep ROOT @rollup/rollup-linux-s390x-gnu@4.58.0 OK for: rollup@4.58.0 want: 4.58.0
661 silly placeDep ROOT @rollup/rollup-linux-x64-gnu@4.58.0 OK for: rollup@4.58.0 want: 4.58.0
662 silly placeDep ROOT @rollup/rollup-linux-x64-musl@4.58.0 OK for: rollup@4.58.0 want: 4.58.0
663 silly placeDep ROOT @rollup/rollup-openbsd-x64@4.58.0 OK for: rollup@4.58.0 want: 4.58.0
664 silly placeDep ROOT @rollup/rollup-openharmony-arm64@4.58.0 OK for: rollup@4.58.0 want: 4.58.0
665 silly placeDep ROOT @rollup/rollup-win32-arm64-msvc@4.58.0 OK for: rollup@4.58.0 want: 4.58.0
666 silly placeDep ROOT @rollup/rollup-win32-ia32-msvc@4.58.0 OK for: rollup@4.58.0 want: 4.58.0
667 silly placeDep ROOT @rollup/rollup-win32-x64-gnu@4.58.0 OK for: rollup@4.58.0 want: 4.58.0
668 silly placeDep ROOT @rollup/rollup-win32-x64-msvc@4.58.0 OK for: rollup@4.58.0 want: 4.58.0
669 silly placeDep ROOT @types/estree@1.0.8 OK for: rollup@4.58.0 want: 1.0.8
670 silly reify moves {}
671 silly audit bulk request {
671 silly audit   '@firebase/ai': [ '2.8.0' ],
671 silly audit   '@firebase/analytics': [ '0.10.19' ],
671 silly audit   '@firebase/analytics-compat': [ '0.2.25' ],
671 silly audit   '@firebase/analytics-types': [ '0.8.3' ],
671 silly audit   '@firebase/app': [ '0.14.8' ],
671 silly audit   '@firebase/app-check': [ '0.11.0' ],
671 silly audit   '@firebase/app-check-compat': [ '0.4.0' ],
671 silly audit   '@firebase/app-check-interop-types': [ '0.3.3' ],
671 silly audit   '@firebase/app-check-types': [ '0.5.3' ],
671 silly audit   '@firebase/app-compat': [ '0.5.8' ],
671 silly audit   '@firebase/app-types': [ '0.9.3' ],
671 silly audit   '@firebase/auth': [ '1.12.0' ],
671 silly audit   '@firebase/auth-compat': [ '0.6.2' ],
671 silly audit   '@firebase/auth-interop-types': [ '0.2.4' ],
671 silly audit   '@firebase/auth-types': [ '0.13.0' ],
671 silly audit   '@firebase/component': [ '0.7.0' ],
671 silly audit   '@firebase/data-connect': [ '0.3.12' ],
671 silly audit   '@firebase/database': [ '1.1.0' ],
671 silly audit   '@firebase/database-compat': [ '2.1.0' ],
671 silly audit   '@firebase/database-types': [ '1.0.16' ],
671 silly audit   '@firebase/firestore': [ '4.11.0' ],
671 silly audit   '@firebase/firestore-compat': [ '0.4.5' ],
671 silly audit   '@firebase/firestore-types': [ '3.0.3' ],
671 silly audit   '@firebase/functions': [ '0.13.1' ],
671 silly audit   '@firebase/functions-compat': [ '0.4.1' ],
671 silly audit   '@firebase/functions-types': [ '0.6.3' ],
671 silly audit   '@firebase/installations': [ '0.6.19' ],
671 silly audit   '@firebase/installations-compat': [ '0.2.19' ],
671 silly audit   '@firebase/installations-types': [ '0.5.3' ],
671 silly audit   '@firebase/logger': [ '0.5.0' ],
671 silly audit   '@firebase/messaging': [ '0.12.23' ],
671 silly audit   '@firebase/messaging-compat': [ '0.2.23' ],
671 silly audit   '@firebase/messaging-interop-types': [ '0.2.3' ],
671 silly audit   '@firebase/performance': [ '0.7.9' ],
671 silly audit   '@firebase/performance-compat': [ '0.2.22' ],
671 silly audit   '@firebase/performance-types': [ '0.2.3' ],
671 silly audit   '@firebase/remote-config': [ '0.8.0' ],
671 silly audit   '@firebase/remote-config-compat': [ '0.2.21' ],
671 silly audit   '@firebase/remote-config-types': [ '0.5.0' ],
671 silly audit   '@firebase/storage': [ '0.14.0' ],
671 silly audit   '@firebase/storage-compat': [ '0.4.0' ],
671 silly audit   '@firebase/storage-types': [ '0.8.3' ],
671 silly audit   '@firebase/util': [ '1.13.0' ],
671 silly audit   '@firebase/webchannel-wrapper': [ '1.0.5' ],
671 silly audit   '@grpc/grpc-js': [ '1.9.15' ],
671 silly audit   '@grpc/proto-loader': [ '0.7.15' ],
671 silly audit   '@protobufjs/aspromise': [ '1.1.2' ],
671 silly audit   '@protobufjs/base64': [ '1.1.2' ],
671 silly audit   '@protobufjs/codegen': [ '2.0.4' ],
671 silly audit   '@protobufjs/eventemitter': [ '1.1.0' ],
671 silly audit   '@protobufjs/fetch': [ '1.1.0' ],
671 silly audit   '@protobufjs/float': [ '1.0.2' ],
671 silly audit   '@protobufjs/inquire': [ '1.1.0' ],
671 silly audit   '@protobufjs/path': [ '1.1.2' ],
671 silly audit   '@protobufjs/pool': [ '1.1.0' ],
671 silly audit   '@protobufjs/utf8': [ '1.1.0' ],
671 silly audit   '@types/node': [ '25.3.0' ],
671 silly audit   'ansi-regex': [ '5.0.1' ],
671 silly audit   'ansi-styles': [ '4.3.0' ],
671 silly audit   cliui: [ '8.0.1' ],
671 silly audit   'color-convert': [ '2.0.1' ],
671 silly audit   'color-name': [ '1.1.4' ],
671 silly audit   'emoji-regex': [ '8.0.0' ],
671 silly audit   escalade: [ '3.2.0' ],
671 silly audit   'faye-websocket': [ '0.11.4' ],
671 silly audit   'get-caller-file': [ '2.0.5' ],
671 silly audit   'http-parser-js': [ '0.5.10' ],
671 silly audit   idb: [ '7.1.1' ],
671 silly audit   'is-fullwidth-code-point': [ '3.0.0' ],
671 silly audit   'lodash.camelcase': [ '4.3.0' ],
671 silly audit   long: [ '5.3.2' ],
671 silly audit   protobufjs: [ '7.5.4' ],
671 silly audit   'require-directory': [ '2.1.1' ],
671 silly audit   'safe-buffer': [ '5.2.1' ],
671 silly audit   'string-width': [ '4.2.3' ],
671 silly audit   'strip-ansi': [ '6.0.1' ],
671 silly audit   tslib: [ '2.8.1' ],
671 silly audit   'undici-types': [ '7.18.2' ],
671 silly audit   'web-vitals': [ '4.2.4' ],
671 silly audit   'websocket-driver': [ '0.7.4' ],
671 silly audit   'websocket-extensions': [ '0.1.4' ],
671 silly audit   'wrap-ansi': [ '7.0.0' ],
671 silly audit   y18n: [ '5.0.8' ],
671 silly audit   yargs: [ '17.7.2' ],
671 silly audit   'yargs-parser': [ '21.1.1' ],
671 silly audit   '@vitejs/plugin-react': [ '5.1.4' ],
671 silly audit   firebase: [ '12.9.0' ],
671 silly audit   react: [ '19.2.4' ],
671 silly audit   'react-dom': [ '19.2.4' ],
671 silly audit   vite: [ '7.3.1' ],
671 silly audit   '@babel/core': [ '7.29.0' ],
671 silly audit   '@babel/plugin-transform-react-jsx-self': [ '7.27.1' ],
671 silly audit   '@babel/plugin-transform-react-jsx-source': [ '7.27.1' ],
671 silly audit   '@rolldown/pluginutils': [ '1.0.0-rc.3' ],
671 silly audit   '@types/babel__core': [ '7.20.5' ],
671 silly audit   'react-refresh': [ '0.18.0' ],
671 silly audit   '@babel/code-frame': [ '7.29.0' ],
671 silly audit   '@babel/generator': [ '7.29.1' ],
671 silly audit   '@babel/helper-compilation-targets': [ '7.28.6' ],
671 silly audit   '@babel/helper-module-transforms': [ '7.28.6' ],
671 silly audit   '@babel/helpers': [ '7.28.6' ],
671 silly audit   '@babel/parser': [ '7.29.0' ],
671 silly audit   '@babel/template': [ '7.28.6' ],
671 silly audit   '@babel/traverse': [ '7.29.0' ],
671 silly audit   '@babel/types': [ '7.29.0' ],
671 silly audit   '@jridgewell/remapping': [ '2.3.5' ],
671 silly audit   'convert-source-map': [ '2.0.0' ],
671 silly audit   debug: [ '4.4.3' ],
671 silly audit   gensync: [ '1.0.0-beta.2' ],
671 silly audit   json5: [ '2.2.3' ],
671 silly audit   semver: [ '6.3.1' ],
671 silly audit   '@babel/helper-validator-identifier': [ '7.28.5' ],
671 silly audit   'js-tokens': [ '4.0.0' ],
671 silly audit   picocolors: [ '1.1.1' ],
671 silly audit   '@jridgewell/gen-mapping': [ '0.3.13' ],
671 silly audit   '@jridgewell/trace-mapping': [ '0.3.31' ],
671 silly audit   jsesc: [ '3.1.0' ],
671 silly audit   '@babel/compat-data': [ '7.29.0' ],
671 silly audit   '@babel/helper-validator-option': [ '7.27.1' ],
671 silly audit   browserslist: [ '4.28.1' ],
671 silly audit   'lru-cache': [ '5.1.1' ],
671 silly audit   '@babel/helper-module-imports': [ '7.28.6' ],
671 silly audit   '@babel/helper-plugin-utils': [ '7.28.6' ],
671 silly audit   '@babel/helper-globals': [ '7.28.0' ],
671 silly audit   '@babel/helper-string-parser': [ '7.27.1' ],
671 silly audit   '@jridgewell/sourcemap-codec': [ '1.5.5' ],
671 silly audit   '@jridgewell/resolve-uri': [ '3.1.2' ],
671 silly audit   '@types/babel__generator': [ '7.27.0' ],
671 silly audit   '@types/babel__template': [ '7.4.4' ],
671 silly audit   '@types/babel__traverse': [ '7.28.0' ],
671 silly audit   'baseline-browser-mapping': [ '2.10.0' ],
671 silly audit   'caniuse-lite': [ '1.0.30001770' ],
671 silly audit   'electron-to-chromium': [ '1.5.302' ],
671 silly audit   'node-releases': [ '2.0.27' ],
671 silly audit   'update-browserslist-db': [ '1.2.3' ],
671 silly audit   ms: [ '2.1.3' ],
671 silly audit   yallist: [ '3.1.1' ],
671 silly audit   scheduler: [ '0.27.0' ],
671 silly audit   esbuild: [ '0.27.3' ],
671 silly audit   fdir: [ '6.5.0' ],
671 silly audit   fsevents: [ '2.3.3' ],
671 silly audit   picomatch: [ '4.0.3' ],
671 silly audit   postcss: [ '8.5.6' ],
671 silly audit   rollup: [ '4.58.0' ],
671 silly audit   tinyglobby: [ '0.2.15' ],
671 silly audit   '@esbuild/aix-ppc64': [ '0.27.3' ],
671 silly audit   '@esbuild/android-arm': [ '0.27.3' ],
671 silly audit   '@esbuild/android-arm64': [ '0.27.3' ],
671 silly audit   '@esbuild/android-x64': [ '0.27.3' ],
671 silly audit   '@esbuild/darwin-arm64': [ '0.27.3' ],
671 silly audit   '@esbuild/darwin-x64': [ '0.27.3' ],
671 silly audit   '@esbuild/freebsd-arm64': [ '0.27.3' ],
671 silly audit   '@esbuild/freebsd-x64': [ '0.27.3' ],
671 silly audit   '@esbuild/linux-arm': [ '0.27.3' ],
671 silly audit   '@esbuild/linux-arm64': [ '0.27.3' ],
671 silly audit   '@esbuild/linux-ia32': [ '0.27.3' ],
671 silly audit   '@esbuild/linux-loong64': [ '0.27.3' ],
671 silly audit   '@esbuild/linux-mips64el': [ '0.27.3' ],
671 silly audit   '@esbuild/linux-ppc64': [ '0.27.3' ],
671 silly audit   '@esbuild/linux-riscv64': [ '0.27.3' ],
671 silly audit   '@esbuild/linux-s390x': [ '0.27.3' ],
671 silly audit   '@esbuild/linux-x64': [ '0.27.3' ],
671 silly audit   '@esbuild/netbsd-arm64': [ '0.27.3' ],
671 silly audit   '@esbuild/netbsd-x64': [ '0.27.3' ],
671 silly audit   '@esbuild/openbsd-arm64': [ '0.27.3' ],
671 silly audit   '@esbuild/openbsd-x64': [ '0.27.3' ],
671 silly audit   '@esbuild/openharmony-arm64': [ '0.27.3' ],
671 silly audit   '@esbuild/sunos-x64': [ '0.27.3' ],
671 silly audit   '@esbuild/win32-arm64': [ '0.27.3' ],
671 silly audit   '@esbuild/win32-ia32': [ '0.27.3' ],
671 silly audit   '@esbuild/win32-x64': [ '0.27.3' ],
671 silly audit   nanoid: [ '3.3.11' ],
671 silly audit   'source-map-js': [ '1.2.1' ],
671 silly audit   '@rollup/rollup-android-arm-eabi': [ '4.58.0' ],
671 silly audit   '@rollup/rollup-android-arm64': [ '4.58.0' ],
671 silly audit   '@rollup/rollup-darwin-arm64': [ '4.58.0' ],
671 silly audit   '@rollup/rollup-darwin-x64': [ '4.58.0' ],
671 silly audit   '@rollup/rollup-freebsd-arm64': [ '4.58.0' ],
671 silly audit   '@rollup/rollup-freebsd-x64': [ '4.58.0' ],
671 silly audit   '@rollup/rollup-linux-arm-gnueabihf': [ '4.58.0' ],
671 silly audit   '@rollup/rollup-linux-arm-musleabihf': [ '4.58.0' ],
671 silly audit   '@rollup/rollup-linux-arm64-gnu': [ '4.58.0' ],
671 silly audit   '@rollup/rollup-linux-arm64-musl': [ '4.58.0' ],
671 silly audit   '@rollup/rollup-linux-loong64-gnu': [ '4.58.0' ],
671 silly audit   '@rollup/rollup-linux-loong64-musl': [ '4.58.0' ],
671 silly audit   '@rollup/rollup-linux-ppc64-gnu': [ '4.58.0' ],
671 silly audit   '@rollup/rollup-linux-ppc64-musl': [ '4.58.0' ],
671 silly audit   '@rollup/rollup-linux-riscv64-gnu': [ '4.58.0' ],
671 silly audit   '@rollup/rollup-linux-riscv64-musl': [ '4.58.0' ],
671 silly audit   '@rollup/rollup-linux-s390x-gnu': [ '4.58.0' ],
671 silly audit   '@rollup/rollup-linux-x64-gnu': [ '4.58.0' ],
671 silly audit   '@rollup/rollup-linux-x64-musl': [ '4.58.0' ],
671 silly audit   '@rollup/rollup-openbsd-x64': [ '4.58.0' ],
671 silly audit   '@rollup/rollup-openharmony-arm64': [ '4.58.0' ],
671 silly audit   '@rollup/rollup-win32-arm64-msvc': [ '4.58.0' ],
671 silly audit   '@rollup/rollup-win32-ia32-msvc': [ '4.58.0' ],
671 silly audit   '@rollup/rollup-win32-x64-gnu': [ '4.58.0' ],
671 silly audit   '@rollup/rollup-win32-x64-msvc': [ '4.58.0' ],
671 silly audit   '@types/estree': [ '1.0.8' ]
671 silly audit }
672 http cache @types/estree@https://registry.npmjs.org/@types/estree/-/estree-1.0.8.tgz 0ms (cache hit)
673 http cache @rollup/rollup-linux-x64-gnu@https://registry.npmjs.org/@rollup/rollup-linux-x64-gnu/-/rollup-linux-x64-gnu-4.58.0.tgz 0ms (cache hit)
674 http cache source-map-js@https://registry.npmjs.org/source-map-js/-/source-map-js-1.2.1.tgz 0ms (cache hit)
675 http cache nanoid@https://registry.npmjs.org/nanoid/-/nanoid-3.3.11.tgz 0ms (cache hit)
676 http cache @esbuild/linux-x64@https://registry.npmjs.org/@esbuild/linux-x64/-/linux-x64-0.27.3.tgz 0ms (cache hit)
677 http cache tinyglobby@https://registry.npmjs.org/tinyglobby/-/tinyglobby-0.2.15.tgz 0ms (cache hit)
678 http cache rollup@https://registry.npmjs.org/rollup/-/rollup-4.58.0.tgz 0ms (cache hit)
679 http cache postcss@https://registry.npmjs.org/postcss/-/postcss-8.5.6.tgz 0ms (cache hit)
680 http cache picomatch@https://registry.npmjs.org/picomatch/-/picomatch-4.0.3.tgz 0ms (cache hit)
681 http cache fdir@https://registry.npmjs.org/fdir/-/fdir-6.5.0.tgz 0ms (cache hit)
682 http cache esbuild@https://registry.npmjs.org/esbuild/-/esbuild-0.27.3.tgz 0ms (cache hit)
683 http cache scheduler@https://registry.npmjs.org/scheduler/-/scheduler-0.27.0.tgz 1ms (cache hit)
684 http cache yallist@https://registry.npmjs.org/yallist/-/yallist-3.1.1.tgz 0ms (cache hit)
685 http cache ms@https://registry.npmjs.org/ms/-/ms-2.1.3.tgz 0ms (cache hit)
686 http cache update-browserslist-db@https://registry.npmjs.org/update-browserslist-db/-/update-browserslist-db-1.2.3.tgz 0ms (cache hit)
687 http cache node-releases@https://registry.npmjs.org/node-releases/-/node-releases-2.0.27.tgz 0ms (cache hit)
688 http cache electron-to-chromium@https://registry.npmjs.org/electron-to-chromium/-/electron-to-chromium-1.5.302.tgz 0ms (cache hit)
689 http cache caniuse-lite@https://registry.npmjs.org/caniuse-lite/-/caniuse-lite-1.0.30001770.tgz 0ms (cache hit)
690 http cache baseline-browser-mapping@https://registry.npmjs.org/baseline-browser-mapping/-/baseline-browser-mapping-2.10.0.tgz 0ms (cache hit)
691 http cache @types/babel__traverse@https://registry.npmjs.org/@types/babel__traverse/-/babel__traverse-7.28.0.tgz 0ms (cache hit)
692 http cache @types/babel__template@https://registry.npmjs.org/@types/babel__template/-/babel__template-7.4.4.tgz 0ms (cache hit)
693 http cache @types/babel__generator@https://registry.npmjs.org/@types/babel__generator/-/babel__generator-7.27.0.tgz 0ms (cache hit)
694 http cache @jridgewell/resolve-uri@https://registry.npmjs.org/@jridgewell/resolve-uri/-/resolve-uri-3.1.2.tgz 0ms (cache hit)
695 http cache @jridgewell/sourcemap-codec@https://registry.npmjs.org/@jridgewell/sourcemap-codec/-/sourcemap-codec-1.5.5.tgz 0ms (cache hit)
696 http cache @babel/helper-string-parser@https://registry.npmjs.org/@babel/helper-string-parser/-/helper-string-parser-7.27.1.tgz 0ms (cache hit)
697 http cache @babel/helper-globals@https://registry.npmjs.org/@babel/helper-globals/-/helper-globals-7.28.0.tgz 0ms (cache hit)
698 http cache @babel/helper-plugin-utils@https://registry.npmjs.org/@babel/helper-plugin-utils/-/helper-plugin-utils-7.28.6.tgz 0ms (cache hit)
699 http cache @babel/helper-module-imports@https://registry.npmjs.org/@babel/helper-module-imports/-/helper-module-imports-7.28.6.tgz 0ms (cache hit)
700 http cache lru-cache@https://registry.npmjs.org/lru-cache/-/lru-cache-5.1.1.tgz 0ms (cache hit)
701 http cache browserslist@https://registry.npmjs.org/browserslist/-/browserslist-4.28.1.tgz 0ms (cache hit)
702 http cache @babel/helper-validator-option@https://registry.npmjs.org/@babel/helper-validator-option/-/helper-validator-option-7.27.1.tgz 0ms (cache hit)
703 http cache @babel/compat-data@https://registry.npmjs.org/@babel/compat-data/-/compat-data-7.29.0.tgz 0ms (cache hit)
704 http cache jsesc@https://registry.npmjs.org/jsesc/-/jsesc-3.1.0.tgz 0ms (cache hit)
705 http cache @jridgewell/trace-mapping@https://registry.npmjs.org/@jridgewell/trace-mapping/-/trace-mapping-0.3.31.tgz 0ms (cache hit)
706 http cache @jridgewell/gen-mapping@https://registry.npmjs.org/@jridgewell/gen-mapping/-/gen-mapping-0.3.13.tgz 0ms (cache hit)
707 http cache picocolors@https://registry.npmjs.org/picocolors/-/picocolors-1.1.1.tgz 0ms (cache hit)
708 http cache js-tokens@https://registry.npmjs.org/js-tokens/-/js-tokens-4.0.0.tgz 0ms (cache hit)
709 http cache @babel/helper-validator-identifier@https://registry.npmjs.org/@babel/helper-validator-identifier/-/helper-validator-identifier-7.28.5.tgz 0ms (cache hit)
710 http cache semver@https://registry.npmjs.org/semver/-/semver-6.3.1.tgz 0ms (cache hit)
711 http cache json5@https://registry.npmjs.org/json5/-/json5-2.2.3.tgz 0ms (cache hit)
712 http cache gensync@https://registry.npmjs.org/gensync/-/gensync-1.0.0-beta.2.tgz 0ms (cache hit)
713 http cache debug@https://registry.npmjs.org/debug/-/debug-4.4.3.tgz 0ms (cache hit)
714 http cache convert-source-map@https://registry.npmjs.org/convert-source-map/-/convert-source-map-2.0.0.tgz 0ms (cache hit)
715 http cache @jridgewell/remapping@https://registry.npmjs.org/@jridgewell/remapping/-/remapping-2.3.5.tgz 0ms (cache hit)
716 http cache @babel/types@https://registry.npmjs.org/@babel/types/-/types-7.29.0.tgz 0ms (cache hit)
717 http cache @babel/traverse@https://registry.npmjs.org/@babel/traverse/-/traverse-7.29.0.tgz 0ms (cache hit)
718 http cache @babel/template@https://registry.npmjs.org/@babel/template/-/template-7.28.6.tgz 1ms (cache hit)
719 http cache @babel/parser@https://registry.npmjs.org/@babel/parser/-/parser-7.29.0.tgz 0ms (cache hit)
720 http cache @babel/helpers@https://registry.npmjs.org/@babel/helpers/-/helpers-7.28.6.tgz 0ms (cache hit)
721 http cache @babel/helper-module-transforms@https://registry.npmjs.org/@babel/helper-module-transforms/-/helper-module-transforms-7.28.6.tgz 0ms (cache hit)
722 http cache @babel/helper-compilation-targets@https://registry.npmjs.org/@babel/helper-compilation-targets/-/helper-compilation-targets-7.28.6.tgz 0ms (cache hit)
723 http cache @babel/generator@https://registry.npmjs.org/@babel/generator/-/generator-7.29.1.tgz 0ms (cache hit)
724 http cache @babel/code-frame@https://registry.npmjs.org/@babel/code-frame/-/code-frame-7.29.0.tgz 0ms (cache hit)
725 http cache react-refresh@https://registry.npmjs.org/react-refresh/-/react-refresh-0.18.0.tgz 0ms (cache hit)
726 http cache @types/babel__core@https://registry.npmjs.org/@types/babel__core/-/babel__core-7.20.5.tgz 0ms (cache hit)
727 http cache @rolldown/pluginutils@https://registry.npmjs.org/@rolldown/pluginutils/-/pluginutils-1.0.0-rc.3.tgz 0ms (cache hit)
728 http cache @babel/plugin-transform-react-jsx-source@https://registry.npmjs.org/@babel/plugin-transform-react-jsx-source/-/plugin-transform-react-jsx-source-7.27.1.tgz 0ms (cache hit)
729 http cache @babel/plugin-transform-react-jsx-self@https://registry.npmjs.org/@babel/plugin-transform-react-jsx-self/-/plugin-transform-react-jsx-self-7.27.1.tgz 0ms (cache hit)
730 http cache @babel/core@https://registry.npmjs.org/@babel/core/-/core-7.29.0.tgz 0ms (cache hit)
731 http cache vite@https://registry.npmjs.org/vite/-/vite-7.3.1.tgz 0ms (cache hit)
732 http cache react-dom@https://registry.npmjs.org/react-dom/-/react-dom-19.2.4.tgz 0ms (cache hit)
733 http cache react@https://registry.npmjs.org/react/-/react-19.2.4.tgz 0ms (cache hit)
734 http cache @vitejs/plugin-react@https://registry.npmjs.org/@vitejs/plugin-react/-/plugin-react-5.1.4.tgz 0ms (cache hit)
735 silly tarball no local data for @types/estree@https://registry.npmjs.org/@types/estree/-/estree-1.0.8.tgz. Extracting by manifest.
736 silly tarball no local data for @rollup/rollup-linux-x64-gnu@https://registry.npmjs.org/@rollup/rollup-linux-x64-gnu/-/rollup-linux-x64-gnu-4.58.0.tgz. Extracting by manifest.
737 silly tarball no local data for source-map-js@https://registry.npmjs.org/source-map-js/-/source-map-js-1.2.1.tgz. Extracting by manifest.
738 silly tarball no local data for nanoid@https://registry.npmjs.org/nanoid/-/nanoid-3.3.11.tgz. Extracting by manifest.
739 silly tarball no local data for @esbuild/linux-x64@https://registry.npmjs.org/@esbuild/linux-x64/-/linux-x64-0.27.3.tgz. Extracting by manifest.
740 silly tarball no local data for tinyglobby@https://registry.npmjs.org/tinyglobby/-/tinyglobby-0.2.15.tgz. Extracting by manifest.
741 silly tarball no local data for rollup@https://registry.npmjs.org/rollup/-/rollup-4.58.0.tgz. Extracting by manifest.
742 silly tarball no local data for postcss@https://registry.npmjs.org/postcss/-/postcss-8.5.6.tgz. Extracting by manifest.
743 silly tarball no local data for picomatch@https://registry.npmjs.org/picomatch/-/picomatch-4.0.3.tgz. Extracting by manifest.
744 silly tarball no local data for fdir@https://registry.npmjs.org/fdir/-/fdir-6.5.0.tgz. Extracting by manifest.
745 silly tarball no local data for esbuild@https://registry.npmjs.org/esbuild/-/esbuild-0.27.3.tgz. Extracting by manifest.
746 silly tarball no local data for scheduler@https://registry.npmjs.org/scheduler/-/scheduler-0.27.0.tgz. Extracting by manifest.
747 silly tarball no local data for yallist@https://registry.npmjs.org/yallist/-/yallist-3.1.1.tgz. Extracting by manifest.
748 silly tarball no local data for ms@https://registry.npmjs.org/ms/-/ms-2.1.3.tgz. Extracting by manifest.
749 silly tarball no local data for update-browserslist-db@https://registry.npmjs.org/update-browserslist-db/-/update-browserslist-db-1.2.3.tgz. Extracting by manifest.
750 silly tarball no local data for node-releases@https://registry.npmjs.org/node-releases/-/node-releases-2.0.27.tgz. Extracting by manifest.
751 silly tarball no local data for electron-to-chromium@https://registry.npmjs.org/electron-to-chromium/-/electron-to-chromium-1.5.302.tgz. Extracting by manifest.
752 silly tarball no local data for caniuse-lite@https://registry.npmjs.org/caniuse-lite/-/caniuse-lite-1.0.30001770.tgz. Extracting by manifest.
753 silly tarball no local data for baseline-browser-mapping@https://registry.npmjs.org/baseline-browser-mapping/-/baseline-browser-mapping-2.10.0.tgz. Extracting by manifest.
754 silly tarball no local data for @types/babel__traverse@https://registry.npmjs.org/@types/babel__traverse/-/babel__traverse-7.28.0.tgz. Extracting by manifest.
755 silly tarball no local data for @types/babel__template@https://registry.npmjs.org/@types/babel__template/-/babel__template-7.4.4.tgz. Extracting by manifest.
756 silly tarball no local data for @types/babel__generator@https://registry.npmjs.org/@types/babel__generator/-/babel__generator-7.27.0.tgz. Extracting by manifest.
757 silly tarball no local data for @jridgewell/resolve-uri@https://registry.npmjs.org/@jridgewell/resolve-uri/-/resolve-uri-3.1.2.tgz. Extracting by manifest.
758 silly tarball no local data for @jridgewell/sourcemap-codec@https://registry.npmjs.org/@jridgewell/sourcemap-codec/-/sourcemap-codec-1.5.5.tgz. Extracting by manifest.
759 silly tarball no local data for @babel/helper-string-parser@https://registry.npmjs.org/@babel/helper-string-parser/-/helper-string-parser-7.27.1.tgz. Extracting by manifest.
760 silly tarball no local data for @babel/helper-globals@https://registry.npmjs.org/@babel/helper-globals/-/helper-globals-7.28.0.tgz. Extracting by manifest.
761 silly tarball no local data for @babel/helper-plugin-utils@https://registry.npmjs.org/@babel/helper-plugin-utils/-/helper-plugin-utils-7.28.6.tgz. Extracting by manifest.
762 silly tarball no local data for @babel/helper-module-imports@https://registry.npmjs.org/@babel/helper-module-imports/-/helper-module-imports-7.28.6.tgz. Extracting by manifest.
763 silly tarball no local data for lru-cache@https://registry.npmjs.org/lru-cache/-/lru-cache-5.1.1.tgz. Extracting by manifest.
764 silly tarball no local data for browserslist@https://registry.npmjs.org/browserslist/-/browserslist-4.28.1.tgz. Extracting by manifest.
765 silly tarball no local data for @babel/helper-validator-option@https://registry.npmjs.org/@babel/helper-validator-option/-/helper-validator-option-7.27.1.tgz. Extracting by manifest.
766 silly tarball no local data for @babel/compat-data@https://registry.npmjs.org/@babel/compat-data/-/compat-data-7.29.0.tgz. Extracting by manifest.
767 silly tarball no local data for jsesc@https://registry.npmjs.org/jsesc/-/jsesc-3.1.0.tgz. Extracting by manifest.
768 silly tarball no local data for @jridgewell/trace-mapping@https://registry.npmjs.org/@jridgewell/trace-mapping/-/trace-mapping-0.3.31.tgz. Extracting by manifest.
769 silly tarball no local data for @jridgewell/gen-mapping@https://registry.npmjs.org/@jridgewell/gen-mapping/-/gen-mapping-0.3.13.tgz. Extracting by manifest.
770 silly tarball no local data for picocolors@https://registry.npmjs.org/picocolors/-/picocolors-1.1.1.tgz. Extracting by manifest.
771 silly tarball no local data for js-tokens@https://registry.npmjs.org/js-tokens/-/js-tokens-4.0.0.tgz. Extracting by manifest.
772 silly tarball no local data for @babel/helper-validator-identifier@https://registry.npmjs.org/@babel/helper-validator-identifier/-/helper-validator-identifier-7.28.5.tgz. Extracting by manifest.
773 silly tarball no local data for semver@https://registry.npmjs.org/semver/-/semver-6.3.1.tgz. Extracting by manifest.
774 silly tarball no local data for json5@https://registry.npmjs.org/json5/-/json5-2.2.3.tgz. Extracting by manifest.
775 silly tarball no local data for gensync@https://registry.npmjs.org/gensync/-/gensync-1.0.0-beta.2.tgz. Extracting by manifest.
776 silly tarball no local data for debug@https://registry.npmjs.org/debug/-/debug-4.4.3.tgz. Extracting by manifest.
777 silly tarball no local data for convert-source-map@https://registry.npmjs.org/convert-source-map/-/convert-source-map-2.0.0.tgz. Extracting by manifest.
778 silly tarball no local data for @jridgewell/remapping@https://registry.npmjs.org/@jridgewell/remapping/-/remapping-2.3.5.tgz. Extracting by manifest.
779 silly tarball no local data for @babel/types@https://registry.npmjs.org/@babel/types/-/types-7.29.0.tgz. Extracting by manifest.
780 silly tarball no local data for @babel/traverse@https://registry.npmjs.org/@babel/traverse/-/traverse-7.29.0.tgz. Extracting by manifest.
781 silly tarball no local data for @babel/template@https://registry.npmjs.org/@babel/template/-/template-7.28.6.tgz. Extracting by manifest.
782 silly tarball no local data for @babel/parser@https://registry.npmjs.org/@babel/parser/-/parser-7.29.0.tgz. Extracting by manifest.
783 silly tarball no local data for @babel/helpers@https://registry.npmjs.org/@babel/helpers/-/helpers-7.28.6.tgz. Extracting by manifest.
784 silly tarball no local data for @babel/helper-module-transforms@https://registry.npmjs.org/@babel/helper-module-transforms/-/helper-module-transforms-7.28.6.tgz. Extracting by manifest.
785 silly tarball no local data for @babel/helper-compilation-targets@https://registry.npmjs.org/@babel/helper-compilation-targets/-/helper-compilation-targets-7.28.6.tgz. Extracting by manifest.
786 silly tarball no local data for @babel/generator@https://registry.npmjs.org/@babel/generator/-/generator-7.29.1.tgz. Extracting by manifest.
787 silly tarball no local data for @babel/code-frame@https://registry.npmjs.org/@babel/code-frame/-/code-frame-7.29.0.tgz. Extracting by manifest.
788 silly tarball no local data for react-refresh@https://registry.npmjs.org/react-refresh/-/react-refresh-0.18.0.tgz. Extracting by manifest.
789 silly tarball no local data for @types/babel__core@https://registry.npmjs.org/@types/babel__core/-/babel__core-7.20.5.tgz. Extracting by manifest.
790 silly tarball no local data for @rolldown/pluginutils@https://registry.npmjs.org/@rolldown/pluginutils/-/pluginutils-1.0.0-rc.3.tgz. Extracting by manifest.
791 silly tarball no local data for @babel/plugin-transform-react-jsx-source@https://registry.npmjs.org/@babel/plugin-transform-react-jsx-source/-/plugin-transform-react-jsx-source-7.27.1.tgz. Extracting by manifest.
792 silly tarball no local data for @babel/plugin-transform-react-jsx-self@https://registry.npmjs.org/@babel/plugin-transform-react-jsx-self/-/plugin-transform-react-jsx-self-7.27.1.tgz. Extracting by manifest.
793 silly tarball no local data for @babel/core@https://registry.npmjs.org/@babel/core/-/core-7.29.0.tgz. Extracting by manifest.
794 silly tarball no local data for vite@https://registry.npmjs.org/vite/-/vite-7.3.1.tgz. Extracting by manifest.
795 silly tarball no local data for react-dom@https://registry.npmjs.org/react-dom/-/react-dom-19.2.4.tgz. Extracting by manifest.
796 silly tarball no local data for react@https://registry.npmjs.org/react/-/react-19.2.4.tgz. Extracting by manifest.
797 silly tarball no local data for @vitejs/plugin-react@https://registry.npmjs.org/@vitejs/plugin-react/-/plugin-react-5.1.4.tgz. Extracting by manifest.
798 http fetch POST 200 https://registry.npmjs.org/-/npm/v1/security/advisories/bulk 247ms
799 silly audit report {}
800 http fetch GET 200 https://registry.npmjs.org/node-releases/-/node-releases-2.0.27.tgz 555ms (cache miss)
801 http fetch GET 200 https://registry.npmjs.org/ms/-/ms-2.1.3.tgz 594ms (cache miss)
802 http fetch GET 200 https://registry.npmjs.org/@jridgewell/resolve-uri/-/resolve-uri-3.1.2.tgz 588ms (cache miss)
803 http fetch GET 200 https://registry.npmjs.org/yallist/-/yallist-3.1.1.tgz 608ms (cache miss)
804 http fetch GET 200 https://registry.npmjs.org/@types/estree/-/estree-1.0.8.tgz 625ms (cache miss)
805 http fetch GET 200 https://registry.npmjs.org/@types/babel__template/-/babel__template-7.4.4.tgz 611ms (cache miss)
806 http fetch GET 200 https://registry.npmjs.org/jsesc/-/jsesc-3.1.0.tgz 604ms (cache miss)
807 http fetch GET 200 https://registry.npmjs.org/picocolors/-/picocolors-1.1.1.tgz 602ms (cache miss)
808 http fetch GET 200 https://registry.npmjs.org/@babel/helper-string-parser/-/helper-string-parser-7.27.1.tgz 617ms (cache miss)
809 http fetch GET 200 https://registry.npmjs.org/update-browserslist-db/-/update-browserslist-db-1.2.3.tgz 633ms (cache miss)
810 http fetch GET 200 https://registry.npmjs.org/@babel/helper-plugin-utils/-/helper-plugin-utils-7.28.6.tgz 628ms (cache miss)
811 http fetch GET 200 https://registry.npmjs.org/@types/babel__generator/-/babel__generator-7.27.0.tgz 643ms (cache miss)
812 http fetch GET 200 https://registry.npmjs.org/lru-cache/-/lru-cache-5.1.1.tgz 639ms (cache miss)
813 http fetch GET 200 https://registry.npmjs.org/react-refresh/-/react-refresh-0.18.0.tgz 625ms (cache miss)
814 http fetch GET 200 https://registry.npmjs.org/@babel/helper-compilation-targets/-/helper-compilation-targets-7.28.6.tgz 630ms (cache miss)
815 http fetch GET 200 https://registry.npmjs.org/tinyglobby/-/tinyglobby-0.2.15.tgz 672ms (cache miss)
816 http fetch GET 200 https://registry.npmjs.org/@babel/plugin-transform-react-jsx-self/-/plugin-transform-react-jsx-self-7.27.1.tgz 641ms (cache miss)
817 http fetch GET 200 https://registry.npmjs.org/@types/babel__traverse/-/babel__traverse-7.28.0.tgz 671ms (cache miss)
818 http fetch GET 200 https://registry.npmjs.org/@types/babel__core/-/babel__core-7.20.5.tgz 651ms (cache miss)
819 http fetch GET 200 https://registry.npmjs.org/@babel/helper-globals/-/helper-globals-7.28.0.tgz 676ms (cache miss)
820 http fetch GET 200 https://registry.npmjs.org/js-tokens/-/js-tokens-4.0.0.tgz 670ms (cache miss)
821 http fetch GET 200 https://registry.npmjs.org/convert-source-map/-/convert-source-map-2.0.0.tgz 667ms (cache miss)
822 http fetch GET 200 https://registry.npmjs.org/@babel/plugin-transform-react-jsx-source/-/plugin-transform-react-jsx-source-7.27.1.tgz 660ms (cache miss)
823 http fetch GET 200 https://registry.npmjs.org/fdir/-/fdir-6.5.0.tgz 694ms (cache miss)
824 http fetch GET 200 https://registry.npmjs.org/@babel/helper-validator-identifier/-/helper-validator-identifier-7.28.5.tgz 677ms (cache miss)
825 http fetch GET 200 https://registry.npmjs.org/@babel/helper-validator-option/-/helper-validator-option-7.27.1.tgz 682ms (cache miss)
826 http fetch GET 200 https://registry.npmjs.org/gensync/-/gensync-1.0.0-beta.2.tgz 694ms (cache miss)
827 http fetch GET 200 https://registry.npmjs.org/browserslist/-/browserslist-4.28.1.tgz 713ms (cache miss)
828 http fetch GET 200 https://registry.npmjs.org/@vitejs/plugin-react/-/plugin-react-5.1.4.tgz 696ms (cache miss)
829 http fetch GET 200 https://registry.npmjs.org/@babel/compat-data/-/compat-data-7.29.0.tgz 746ms (cache miss)
830 http fetch GET 200 https://registry.npmjs.org/@babel/code-frame/-/code-frame-7.29.0.tgz 739ms (cache miss)
831 http fetch GET 200 https://registry.npmjs.org/semver/-/semver-6.3.1.tgz 754ms (cache miss)
832 http fetch GET 200 https://registry.npmjs.org/esbuild/-/esbuild-0.27.3.tgz 788ms (cache miss)
833 http fetch GET 200 https://registry.npmjs.org/scheduler/-/scheduler-0.27.0.tgz 802ms (cache miss)
834 http fetch GET 200 https://registry.npmjs.org/debug/-/debug-4.4.3.tgz 810ms (cache miss)
835 http fetch GET 200 https://registry.npmjs.org/@babel/helper-module-imports/-/helper-module-imports-7.28.6.tgz 834ms (cache miss)
836 http fetch GET 200 https://registry.npmjs.org/electron-to-chromium/-/electron-to-chromium-1.5.302.tgz 854ms (cache miss)
837 http fetch GET 200 https://registry.npmjs.org/picomatch/-/picomatch-4.0.3.tgz 870ms (cache miss)
838 http fetch GET 200 https://registry.npmjs.org/nanoid/-/nanoid-3.3.11.tgz 889ms (cache miss)
839 http fetch GET 200 https://registry.npmjs.org/baseline-browser-mapping/-/baseline-browser-mapping-2.10.0.tgz 897ms (cache miss)
840 http fetch GET 200 https://registry.npmjs.org/@rolldown/pluginutils/-/pluginutils-1.0.0-rc.3.tgz 905ms (cache miss)
841 http fetch GET 200 https://registry.npmjs.org/@babel/template/-/template-7.28.6.tgz 918ms (cache miss)
842 http fetch GET 200 https://registry.npmjs.org/source-map-js/-/source-map-js-1.2.1.tgz 963ms (cache miss)
843 http fetch GET 200 https://registry.npmjs.org/@babel/helper-module-transforms/-/helper-module-transforms-7.28.6.tgz 933ms (cache miss)
844 http fetch GET 200 https://registry.npmjs.org/react/-/react-19.2.4.tgz 956ms (cache miss)
845 http fetch GET 200 https://registry.npmjs.org/@jridgewell/sourcemap-codec/-/sourcemap-codec-1.5.5.tgz 1000ms (cache miss)
846 http fetch GET 200 https://registry.npmjs.org/json5/-/json5-2.2.3.tgz 1016ms (cache miss)
847 http fetch GET 200 https://registry.npmjs.org/@jridgewell/remapping/-/remapping-2.3.5.tgz 1017ms (cache miss)
848 http fetch GET 200 https://registry.npmjs.org/@jridgewell/gen-mapping/-/gen-mapping-0.3.13.tgz 1054ms (cache miss)
849 http fetch GET 200 https://registry.npmjs.org/@jridgewell/trace-mapping/-/trace-mapping-0.3.31.tgz 1158ms (cache miss)
850 http fetch GET 200 https://registry.npmjs.org/@babel/parser/-/parser-7.29.0.tgz 1169ms (cache miss)
851 http fetch GET 200 https://registry.npmjs.org/postcss/-/postcss-8.5.6.tgz 1250ms (cache miss)
852 http fetch GET 200 https://registry.npmjs.org/@rollup/rollup-linux-x64-gnu/-/rollup-linux-x64-gnu-4.58.0.tgz 1270ms (cache miss)
853 http fetch GET 200 https://registry.npmjs.org/@babel/generator/-/generator-7.29.1.tgz 1324ms (cache miss)
854 http fetch GET 200 https://registry.npmjs.org/vite/-/vite-7.3.1.tgz 1396ms (cache miss)
855 http fetch GET 200 https://registry.npmjs.org/rollup/-/rollup-4.58.0.tgz 1452ms (cache miss)
856 http fetch GET 200 https://registry.npmjs.org/@babel/traverse/-/traverse-7.29.0.tgz 1448ms (cache miss)
857 http fetch GET 200 https://registry.npmjs.org/react-dom/-/react-dom-19.2.4.tgz 1584ms (cache miss)
858 http fetch GET 200 https://registry.npmjs.org/@babel/core/-/core-7.29.0.tgz 1659ms (cache miss)
859 http fetch GET 200 https://registry.npmjs.org/@esbuild/linux-x64/-/linux-x64-0.27.3.tgz 1786ms (cache miss)
860 http fetch GET 200 https://registry.npmjs.org/@babel/types/-/types-7.29.0.tgz 1823ms (cache miss)
861 http fetch GET 200 https://registry.npmjs.org/@babel/helpers/-/helpers-7.28.6.tgz 1855ms (cache miss)
862 http fetch GET 200 https://registry.npmjs.org/caniuse-lite/-/caniuse-lite-1.0.30001770.tgz 2334ms (cache miss)
863 info run esbuild@0.27.3 postinstall node_modules/esbuild node install.js
864 info run esbuild@0.27.3 postinstall { code: 0, signal: null }
865 silly ADD node_modules/@types/estree
866 silly ADD node_modules/@rollup/rollup-linux-x64-gnu
867 silly ADD node_modules/source-map-js
868 silly ADD node_modules/nanoid
869 silly ADD node_modules/@esbuild/linux-x64
870 silly ADD node_modules/tinyglobby
871 silly ADD node_modules/rollup
872 silly ADD node_modules/postcss
873 silly ADD node_modules/picomatch
874 silly ADD node_modules/fdir
875 silly ADD node_modules/esbuild
876 silly ADD node_modules/scheduler
877 silly ADD node_modules/yallist
878 silly ADD node_modules/ms
879 silly ADD node_modules/update-browserslist-db
880 silly ADD node_modules/node-releases
881 silly ADD node_modules/electron-to-chromium
882 silly ADD node_modules/caniuse-lite
883 silly ADD node_modules/baseline-browser-mapping
884 silly ADD node_modules/@types/babel__traverse
885 silly ADD node_modules/@types/babel__template
886 silly ADD node_modules/@types/babel__generator
887 silly ADD node_modules/@jridgewell/resolve-uri
888 silly ADD node_modules/@jridgewell/sourcemap-codec
889 silly ADD node_modules/@babel/helper-string-parser
890 silly ADD node_modules/@babel/helper-globals
891 silly ADD node_modules/@babel/helper-plugin-utils
892 silly ADD node_modules/@babel/helper-module-imports
893 silly ADD node_modules/lru-cache
894 silly ADD node_modules/browserslist
895 silly ADD node_modules/@babel/helper-validator-option
896 silly ADD node_modules/@babel/compat-data
897 silly ADD node_modules/jsesc
898 silly ADD node_modules/@jridgewell/trace-mapping
899 silly ADD node_modules/@jridgewell/gen-mapping
900 silly ADD node_modules/picocolors
901 silly ADD node_modules/js-tokens
902 silly ADD node_modules/@babel/helper-validator-identifier
903 silly ADD node_modules/semver
904 silly ADD node_modules/json5
905 silly ADD node_modules/gensync
906 silly ADD node_modules/debug
907 silly ADD node_modules/convert-source-map
908 silly ADD node_modules/@jridgewell/remapping
909 silly ADD node_modules/@babel/types
910 silly ADD node_modules/@babel/traverse
911 silly ADD node_modules/@babel/template
912 silly ADD node_modules/@babel/parser
913 silly ADD node_modules/@babel/helpers
914 silly ADD node_modules/@babel/helper-module-transforms
915 silly ADD node_modules/@babel/helper-compilation-targets
916 silly ADD node_modules/@babel/generator
917 silly ADD node_modules/@babel/code-frame
918 silly ADD node_modules/react-refresh
919 silly ADD node_modules/@types/babel__core
920 silly ADD node_modules/@rolldown/pluginutils
921 silly ADD node_modules/@babel/plugin-transform-react-jsx-source
922 silly ADD node_modules/@babel/plugin-transform-react-jsx-self
923 silly ADD node_modules/@babel/core
924 silly ADD node_modules/vite
925 silly ADD node_modules/react-dom
926 silly ADD node_modules/react
927 silly ADD node_modules/@vitejs/plugin-react
928 verbose cwd /home/lit_kinjackson
929 verbose os Linux 6.6.111+
930 verbose node v24.13.1
931 verbose npm  v11.9.0
932 verbose exit 0
933 info ok
