0 verbose cli /usr/local/nvm/versions/node/v24.13.1/bin/node /usr/local/nvm/versions/node/v24.13.1/bin/npm
1 info using npm@11.9.0
2 info using node@v24.13.1
3 silly config load:file:/usr/local/nvm/versions/node/v24.13.1/lib/node_modules/npm/npmrc
4 silly config load:file:/home/lit_kinjackson/.cache/typescript/5.9/.npmrc
5 silly config load:file:/home/lit_kinjackson/.npmrc
6 silly config load:file:/usr/local/nvm/versions/node/v24.13.1/etc/npmrc
7 verbose title npm install types-registry@latest
8 verbose argv "install" "--ignore-scripts" "types-registry@latest"
9 verbose logfile logs-max:10 dir:/home/lit_kinjackson/.npm/_logs/2026-02-21T09_26_11_146Z-
10 verbose logfile /home/lit_kinjackson/.npm/_logs/2026-02-21T09_26_11_146Z-debug-0.log
11 silly logfile start cleaning logs, removing 1 files
12 silly logfile done cleaning log files
13 silly packumentCache heap:2348810240 maxSize:587202560 maxEntrySize:293601280
14 silly packumentCache corgi:https://registry.npmjs.org/types-registry cache-miss
15 http fetch GET 200 https://registry.npmjs.org/types-registry 361ms (cache revalidated)
16 silly packumentCache corgi:https://registry.npmjs.org/types-registry set size:617872 disposed:false
17 silly idealTree buildDeps
18 silly fetch manifest types-registry@0.1.757
19 silly packumentCache full:https://registry.npmjs.org/types-registry cache-miss
20 http fetch GET 200 https://registry.npmjs.org/types-registry 106ms (cache revalidated)
21 silly packumentCache full:https://registry.npmjs.org/types-registry set size:1330215 disposed:false
22 silly placeDep ROOT types-registry@0.1.757 REPLACE for:  want: 0.1.757
23 silly reify moves {}
24 silly audit bulk request {
24 silly audit   '@types/less': [ '3.0.8' ],
24 silly audit   '@types/node': [ '25.3.0' ],
24 silly audit   '@types/react': [ '19.2.14' ],
24 silly audit   '@types/react-dom': [ '19.2.3' ],
24 silly audit   '@types/scheduler': [ '0.26.0' ],
24 silly audit   '@types/stylus': [ '0.48.43' ],
24 silly audit   csstype: [ '3.2.3' ],
24 silly audit   'undici-types': [ '7.18.2' ],
24 silly audit   'types-registry': [ '0.1.757' ]
24 silly audit }
25 http fetch POST 200 https://registry.npmjs.org/-/npm/v1/security/advisories/bulk 259ms
26 silly audit report {}
27 verbose cwd /home/lit_kinjackson/.cache/typescript/5.9
28 verbose os Linux 6.6.111+
29 verbose node v24.13.1
30 verbose npm  v11.9.0
31 verbose exit 0
32 info ok
